Component: ARM Compiler 5.06 update 5 (build 528) Tool: armlink [4d35e2]

==============================================================================

Section Cross References

    startup_stm32f40_41xxx.o(RESET) refers to startup_stm32f40_41xxx.o(STACK) for __initial_sp
    startup_stm32f40_41xxx.o(RESET) refers to startup_stm32f40_41xxx.o(.text) for Reset_Handler
    startup_stm32f40_41xxx.o(RESET) refers to stm32f4xx_it.o(i.NMI_Handler) for NMI_Handler
    startup_stm32f40_41xxx.o(RESET) refers to stm32f4xx_it.o(i.HardFault_Handler) for HardFault_Handler
    startup_stm32f40_41xxx.o(RESET) refers to stm32f4xx_it.o(i.MemManage_Handler) for MemManage_Handler
    startup_stm32f40_41xxx.o(RESET) refers to stm32f4xx_it.o(i.BusFault_Handler) for BusFault_Handler
    startup_stm32f40_41xxx.o(RESET) refers to stm32f4xx_it.o(i.UsageFault_Handler) for UsageFault_Handler
    startup_stm32f40_41xxx.o(RESET) refers to stm32f4xx_it.o(i.SVC_Handler) for SVC_Handler
    startup_stm32f40_41xxx.o(RESET) refers to stm32f4xx_it.o(i.DebugMon_Handler) for DebugMon_Handler
    startup_stm32f40_41xxx.o(RESET) refers to stm32f4xx_it.o(i.PendSV_Handler) for PendSV_Handler
    startup_stm32f40_41xxx.o(RESET) refers to stm32f4xx_it.o(i.SysTick_Handler) for SysTick_Handler
    startup_stm32f40_41xxx.o(RESET) refers to key.o(i.EXTI9_5_IRQHandler) for EXTI9_5_IRQHandler
    startup_stm32f40_41xxx.o(RESET) refers to encoder.o(i.TIM2_IRQHandler) for TIM2_IRQHandler
    startup_stm32f40_41xxx.o(RESET) refers to encoder.o(i.TIM3_IRQHandler) for TIM3_IRQHandler
    startup_stm32f40_41xxx.o(RESET) refers to control.o(i.TIM4_IRQHandler) for TIM4_IRQHandler
    startup_stm32f40_41xxx.o(RESET) refers to usart.o(i.USART1_IRQHandler) for USART1_IRQHandler
    startup_stm32f40_41xxx.o(RESET) refers to usart.o(i.USART2_IRQHandler) for USART2_IRQHandler
    startup_stm32f40_41xxx.o(RESET) refers to usart.o(i.USART3_IRQHandler) for USART3_IRQHandler
    startup_stm32f40_41xxx.o(.text) refers to system_stm32f4xx.o(i.SystemInit) for SystemInit
    startup_stm32f40_41xxx.o(.text) refers to entry.o(.ARM.Collect$$$$00000000) for __main
    beep.o(i.Beep_Init) refers to stm32f4xx_rcc.o(i.RCC_AHB1PeriphClockCmd) for RCC_AHB1PeriphClockCmd
    beep.o(i.Beep_Init) refers to stm32f4xx_gpio.o(i.GPIO_Init) for GPIO_Init
    beep.o(i.Beep_Init) refers to stm32f4xx_gpio.o(i.GPIO_ResetBits) for GPIO_ResetBits
    common_filter.o(i.Kalman_Filter) refers to common_filter.o(.data) for Q_bias
    common_filter.o(i.Kalman_Filter) refers to common_filter.o(.bss) for Pdot
    common_filter.o(i.Yijielvbo) refers to f2d.o(.text) for __aeabi_f2d
    common_filter.o(i.Yijielvbo) refers to dmul.o(.text) for __aeabi_dmul
    common_filter.o(i.Yijielvbo) refers to dadd.o(.text) for __aeabi_dadd
    common_filter.o(i.Yijielvbo) refers to d2f.o(.text) for __aeabi_d2f
    common_filter.o(i.Yijielvbo) refers to common_filter.o(.data) for angle
    control.o(i.Control_Init) refers to stm32f4xx_rcc.o(i.RCC_AHB1PeriphClockCmd) for RCC_AHB1PeriphClockCmd
    control.o(i.Control_Init) refers to stm32f4xx_gpio.o(i.GPIO_Init) for GPIO_Init
    control.o(i.Control_Init) refers to stm32f4xx_gpio.o(i.GPIO_ResetBits) for GPIO_ResetBits
    control.o(i.Driver_Control_Enable_or_Disable) refers to stm32f4xx_gpio.o(i.GPIO_WriteBit) for GPIO_WriteBit
    control.o(i.Go_to_designed_location_reset) refers to control.o(i.Motor_Arrive_designed_location) for Motor_Arrive_designed_location
    control.o(i.Go_to_designed_location_reset) refers to control.o(i.Stretch_ON_OR_OFF) for Stretch_ON_OR_OFF
    control.o(i.Go_to_designed_location_reset) refers to delay.o(i.delay_ms) for delay_ms
    control.o(i.Go_to_designed_location_reset) refers to control.o(.data) for current_state
    control.o(i.Motor_Arrive_designed_location) refers to control.o(i.Stepper_Move) for Stepper_Move
    control.o(i.Motor_Arrive_designed_location) refers to control.o(.data) for current_state
    control.o(i.Order_Stretch_chess) refers to control.o(i.Stretch_chess) for Stretch_chess
    control.o(i.Order_Stretch_chess) refers to control.o(.data) for judge_chess_code
    control.o(i.Servo_Set_Angle) refers to stm32f4xx_tim.o(i.TIM_SetCompare1) for TIM_SetCompare1
    control.o(i.Stepper_Move) refers to stm32f4xx_gpio.o(i.GPIO_WriteBit) for GPIO_WriteBit
    control.o(i.Stepper_Move) refers to control.o(i.Driver_Control_Enable_or_Disable) for Driver_Control_Enable_or_Disable
    control.o(i.Stepper_Move) refers to stm32f4xx_tim.o(i.TIM_Cmd) for TIM_Cmd
    control.o(i.Stepper_Move) refers to control.o(.data) for remaining_steps
    control.o(i.Stretch_ON_OR_OFF) refers to stm32f4xx_gpio.o(i.GPIO_SetBits) for GPIO_SetBits
    control.o(i.Stretch_ON_OR_OFF) refers to stm32f4xx_gpio.o(i.GPIO_ResetBits) for GPIO_ResetBits
    control.o(i.Stretch_chess) refers to control.o(i.Go_to_designed_location_reset) for Go_to_designed_location_reset
[...]
    Removing stm32f4xx_pwr.o(i.PWR_EnterSTOPMode), (68 bytes).
    Removing stm32f4xx_pwr.o(i.PWR_EnterUnderDriveSTOPMode), (68 bytes).
    Removing stm32f4xx_pwr.o(i.PWR_FlashPowerDownCmd), (12 bytes).
    Removing stm32f4xx_pwr.o(i.PWR_GetFlagStatus), (24 bytes).
    Removing stm32f4xx_pwr.o(i.PWR_MainRegulatorModeConfig), (24 bytes).
    Removing stm32f4xx_pwr.o(i.PWR_OverDriveCmd), (12 bytes).
    Removing stm32f4xx_pwr.o(i.PWR_OverDriveSWCmd), (12 bytes).
    Removing stm32f4xx_pwr.o(i.PWR_PVDCmd), (12 bytes).
    Removing stm32f4xx_pwr.o(i.PWR_PVDLevelConfig), (24 bytes).
    Removing stm32f4xx_pwr.o(i.PWR_UnderDriveCmd), (36 bytes).
    Removing stm32f4xx_pwr.o(i.PWR_WakeUpPinCmd), (12 bytes).
    Removing stm32f4xx_qspi.o(.rev16_text), (4 bytes).
    Removing stm32f4xx_qspi.o(.revsh_text), (4 bytes).
    Removing stm32f4xx_qspi.o(.rrx_text), (6 bytes).
    Removing stm32f4xx_rcc.o(.rev16_text), (4 bytes).
    Removing stm32f4xx_rcc.o(.revsh_text), (4 bytes).
    Removing stm32f4xx_rcc.o(.rrx_text), (6 bytes).
    Removing stm32f4xx_rcc.o(i.RCC_AHB1PeriphClockLPModeCmd), (32 bytes).
    Removing stm32f4xx_rcc.o(i.RCC_AHB1PeriphResetCmd), (32 bytes).
    Removing stm32f4xx_rcc.o(i.RCC_AHB2PeriphClockCmd), (32 bytes).
    Removing stm32f4xx_rcc.o(i.RCC_AHB2PeriphClockLPModeCmd), (32 bytes).
    Removing stm32f4xx_rcc.o(i.RCC_AHB2PeriphResetCmd), (32 bytes).
    Removing stm32f4xx_rcc.o(i.RCC_AHB3PeriphClockLPModeCmd), (32 bytes).
    Removing stm32f4xx_rcc.o(i.RCC_AHB3PeriphResetCmd), (32 bytes).
    Removing stm32f4xx_rcc.o(i.RCC_APB1PeriphClockLPModeCmd), (32 bytes).
    Removing stm32f4xx_rcc.o(i.RCC_APB1PeriphResetCmd), (32 bytes).
    Removing stm32f4xx_rcc.o(i.RCC_APB2PeriphClockLPModeCmd), (32 bytes).
    Removing stm32f4xx_rcc.o(i.RCC_APB2PeriphResetCmd), (32 bytes).
    Removing stm32f4xx_rcc.o(i.RCC_AdjustHSICalibrationValue), (24 bytes).
    Removing stm32f4xx_rcc.o(i.RCC_BackupResetCmd), (12 bytes).
    Removing stm32f4xx_rcc.o(i.RCC_ClearFlag), (20 bytes).
    Removing stm32f4xx_rcc.o(i.RCC_ClearITPendingBit), (12 bytes).
    Removing stm32f4xx_rcc.o(i.RCC_ClockSecuritySystemCmd), (12 bytes).
    Removing stm32f4xx_rcc.o(i.RCC_DeInit), (100 bytes).
    Removing stm32f4xx_rcc.o(i.RCC_GetFlagStatus), (64 bytes).
    Removing stm32f4xx_rcc.o(i.RCC_GetITStatus), (24 bytes).
    Removing stm32f4xx_rcc.o(i.RCC_GetSYSCLKSource), (16 bytes).
    Removing stm32f4xx_rcc.o(i.RCC_HCLKConfig), (24 bytes).
    Removing stm32f4xx_rcc.o(i.RCC_HSEConfig), (16 bytes).
    Removing stm32f4xx_rcc.o(i.RCC_HSICmd), (12 bytes).
    Removing stm32f4xx_rcc.o(i.RCC_I2SCLKConfig), (12 bytes).
    Removing stm32f4xx_rcc.o(i.RCC_ITConfig), (32 bytes).
    Removing stm32f4xx_rcc.o(i.RCC_LSEConfig), (44 bytes).
    Removing stm32f4xx_rcc.o(i.RCC_LSEModeConfig), (36 bytes).
    Removing stm32f4xx_rcc.o(i.RCC_LSICmd), (12 bytes).
    Removing stm32f4xx_rcc.o(i.RCC_LTDCCLKDivConfig), (24 bytes).
    Removing stm32f4xx_rcc.o(i.RCC_MCO1Config), (28 bytes).
    Removing stm32f4xx_rcc.o(i.RCC_MCO2Config), (28 bytes).
    Removing stm32f4xx_rcc.o(i.RCC_PCLK1Config), (24 bytes).
    Removing stm32f4xx_rcc.o(i.RCC_PCLK2Config), (24 bytes).
    Removing stm32f4xx_rcc.o(i.RCC_PLLCmd), (12 bytes).
    Removing stm32f4xx_rcc.o(i.RCC_PLLConfig), (36 bytes).
    Removing stm32f4xx_rcc.o(i.RCC_PLLI2SCmd), (12 bytes).
    Removing stm32f4xx_rcc.o(i.RCC_PLLI2SConfig), (16 bytes).
    Removing stm32f4xx_rcc.o(i.RCC_PLLSAICmd), (12 bytes).
    Removing stm32f4xx_rcc.o(i.RCC_PLLSAIConfig), (24 bytes).
    Removing stm32f4xx_rcc.o(i.RCC_RTCCLKCmd), (12 bytes).
    Removing stm32f4xx_rcc.o(i.RCC_RTCCLKConfig), (60 bytes).
    Removing stm32f4xx_rcc.o(i.RCC_SAIBlockACLKConfig), (24 bytes).
    Removing stm32f4xx_rcc.o(i.RCC_SAIBlockBCLKConfig), (24 bytes).
    Removing stm32f4xx_rcc.o(i.RCC_SAIPLLI2SClkDivConfig), (28 bytes).
    Removing stm32f4xx_rcc.o(i.RCC_SAIPLLSAIClkDivConfig), (28 bytes).
    Removing stm32f4xx_rcc.o(i.RCC_SYSCLKConfig), (24 bytes).
    Removing stm32f4xx_rcc.o(i.RCC_TIMCLKPresConfig), (12 bytes).
    Removing stm32f4xx_rcc.o(i.RCC_WaitForHSEStartUp), (56 bytes).
    Removing stm32f4xx_rng.o(.rev16_text), (4 bytes).
    Removing stm32f4xx_rng.o(.revsh_text), (4 bytes).
    Removing stm32f4xx_rng.o(.rrx_text), (6 bytes).
    Removing stm32f4xx_rng.o(i.RNG_ClearFlag), (16 bytes).
    Removing stm32f4xx_rng.o(i.RNG_ClearITPendingBit), (16 bytes).
    Removing stm32f4xx_rng.o(i.RNG_Cmd), (36 bytes).
    Removing stm32f4xx_rng.o(i.RNG_DeInit), (20 bytes).
    Removing stm32f4xx_rng.o(i.RNG_GetFlagStatus), (24 bytes).
    Removing stm32f4xx_rng.o(i.RNG_GetITStatus), (24 bytes).
    Removing stm32f4xx_rng.o(i.RNG_GetRandomNumber), (12 bytes).
    Removing stm32f4xx_rng.o(i.RNG_ITConfig), (36 bytes).
    Removing stm32f4xx_rtc.o(.rev16_text), (4 bytes).
    Removing stm32f4xx_rtc.o(.revsh_text), (4 bytes).
    Removing stm32f4xx_rtc.o(.rrx_text), (6 bytes).
    Removing stm32f4xx_rtc.o(i.RTC_AlarmCmd), (116 bytes).
    Removing stm32f4xx_rtc.o(i.RTC_AlarmStructInit), (22 bytes).
    Removing stm32f4xx_rtc.o(i.RTC_AlarmSubSecondConfig), (52 bytes).
    Removing stm32f4xx_rtc.o(i.RTC_Bcd2ToByte), (22 bytes).
    Removing stm32f4xx_rtc.o(i.RTC_BypassShadowCmd), (60 bytes).
    Removing stm32f4xx_rtc.o(i.RTC_ByteToBcd2), (28 bytes).
    Removing stm32f4xx_rtc.o(i.RTC_CalibOutputCmd), (60 bytes).
    Removing stm32f4xx_rtc.o(i.RTC_CalibOutputConfig), (48 bytes).
    Removing stm32f4xx_rtc.o(i.RTC_ClearFlag), (28 bytes).
    Removing stm32f4xx_rtc.o(i.RTC_ClearITPendingBit), (32 bytes).
    Removing stm32f4xx_rtc.o(i.RTC_CoarseCalibCmd), (80 bytes).
    Removing stm32f4xx_rtc.o(i.RTC_CoarseCalibConfig), (56 bytes).
    Removing stm32f4xx_rtc.o(i.RTC_DateStructInit), (14 bytes).
    Removing stm32f4xx_rtc.o(i.RTC_DayLightSavingConfig), (56 bytes).
    Removing stm32f4xx_rtc.o(i.RTC_DeInit), (212 bytes).
    Removing stm32f4xx_rtc.o(i.RTC_EnterInitMode), (80 bytes).
    Removing stm32f4xx_rtc.o(i.RTC_ExitInitMode), (20 bytes).
    Removing stm32f4xx_rtc.o(i.RTC_GetAlarm), (116 bytes).
    Removing stm32f4xx_rtc.o(i.RTC_GetAlarmSubSecond), (36 bytes).
    Removing stm32f4xx_rtc.o(i.RTC_GetDate), (76 bytes).
    Removing stm32f4xx_rtc.o(i.RTC_GetFlagStatus), (40 bytes).
    Removing stm32f4xx_rtc.o(i.RTC_GetITStatus), (68 bytes).
    Removing stm32f4xx_rtc.o(i.RTC_GetStoreOperation), (16 bytes).
    Removing stm32f4xx_rtc.o(i.RTC_GetSubSecond), (20 bytes).
    Removing stm32f4xx_rtc.o(i.RTC_GetTime), (80 bytes).
    Removing stm32f4xx_rtc.o(i.RTC_GetTimeStamp), (156 bytes).
    Removing stm32f4xx_rtc.o(i.RTC_GetTimeStampSubSecond), (12 bytes).
    Removing stm32f4xx_rtc.o(i.RTC_GetWakeUpCounter), (12 bytes).
    Removing stm32f4xx_rtc.o(i.RTC_ITConfig), (100 bytes).
    Removing stm32f4xx_rtc.o(i.RTC_Init), (100 bytes).
    Removing stm32f4xx_rtc.o(i.RTC_OutputConfig), (56 bytes).
    Removing stm32f4xx_rtc.o(i.RTC_OutputTypeConfig), (28 bytes).
    Removing stm32f4xx_rtc.o(i.RTC_ReadBackupRegister), (32 bytes).
    Removing stm32f4xx_rtc.o(i.RTC_RefClockCmd), (80 bytes).
    Removing stm32f4xx_rtc.o(i.RTC_SetAlarm), (236 bytes).
    Removing stm32f4xx_rtc.o(i.RTC_SetDate), (200 bytes).
    Removing stm32f4xx_rtc.o(i.RTC_SetTime), (208 bytes).
    Removing stm32f4xx_rtc.o(i.RTC_SetWakeUpCounter), (28 bytes).
    Removing stm32f4xx_rtc.o(i.RTC_SmoothCalibConfig), (96 bytes).
    Removing stm32f4xx_rtc.o(i.RTC_StructInit), (14 bytes).
    Removing stm32f4xx_rtc.o(i.RTC_SynchroShiftConfig), (124 bytes).
    Removing stm32f4xx_rtc.o(i.RTC_TamperCmd), (32 bytes).
    Removing stm32f4xx_rtc.o(i.RTC_TamperFilterConfig), (28 bytes).
    Removing stm32f4xx_rtc.o(i.RTC_TamperPinSelection), (28 bytes).
    Removing stm32f4xx_rtc.o(i.RTC_TamperPinsPrechargeDuration), (28 bytes).
    Removing stm32f4xx_rtc.o(i.RTC_TamperPullUpCmd), (36 bytes).
    Removing stm32f4xx_rtc.o(i.RTC_TamperSamplingFreqConfig), (28 bytes).
    Removing stm32f4xx_rtc.o(i.RTC_TamperTriggerConfig), (36 bytes).
    Removing stm32f4xx_rtc.o(i.RTC_TimeStampCmd), (56 bytes).
    Removing stm32f4xx_rtc.o(i.RTC_TimeStampOnTamperDetectionCmd), (36 bytes).
    Removing stm32f4xx_rtc.o(i.RTC_TimeStampPinSelection), (28 bytes).
    Removing stm32f4xx_rtc.o(i.RTC_TimeStructInit), (12 bytes).
    Removing stm32f4xx_rtc.o(i.RTC_WaitForSynchro), (96 bytes).
    Removing stm32f4xx_rtc.o(i.RTC_WakeUpClockConfig), (48 bytes).
    Removing stm32f4xx_rtc.o(i.RTC_WakeUpCmd), (120 bytes).
    Removing stm32f4xx_rtc.o(i.RTC_WriteBackupRegister), (28 bytes).
    Removing stm32f4xx_rtc.o(i.RTC_WriteProtectionCmd), (28 bytes).
    Removing stm32f4xx_sai.o(.rev16_text), (4 bytes).
    Removing stm32f4xx_sai.o(.revsh_text), (4 bytes).
    Removing stm32f4xx_sai.o(.rrx_text), (6 bytes).
    Removing stm32f4xx_sai.o(i.SAI_ClearFlag), (8 bytes).
    Removing stm32f4xx_sai.o(i.SAI_ClearITPendingBit), (8 bytes).
    Removing stm32f4xx_sai.o(i.SAI_Cmd), (22 bytes).
    Removing stm32f4xx_sai.o(i.SAI_CompandingModeConfig), (16 bytes).
    Removing stm32f4xx_sai.o(i.SAI_DMACmd), (22 bytes).
    Removing stm32f4xx_sai.o(i.SAI_DeInit), (36 bytes).
    Removing stm32f4xx_sai.o(i.SAI_FlushFIFO), (10 bytes).
    Removing stm32f4xx_sai.o(i.SAI_FrameInit), (44 bytes).
    Removing stm32f4xx_sai.o(i.SAI_FrameStructInit), (18 bytes).
    Removing stm32f4xx_sai.o(i.SAI_GetCmdStatus), (20 bytes).
    Removing stm32f4xx_sai.o(i.SAI_GetFIFOStatus), (12 bytes).
    Removing stm32f4xx_sai.o(i.SAI_GetFlagStatus), (18 bytes).
    Removing stm32f4xx_sai.o(i.SAI_GetITStatus), (30 bytes).
    Removing stm32f4xx_sai.o(i.SAI_ITConfig), (18 bytes).
    Removing stm32f4xx_sai.o(i.SAI_Init), (76 bytes).
    Removing stm32f4xx_sai.o(i.SAI_MonoModeConfig), (18 bytes).
    Removing stm32f4xx_sai.o(i.SAI_MuteFrameCounterConfig), (18 bytes).
    Removing stm32f4xx_sai.o(i.SAI_MuteModeCmd), (22 bytes).
    Removing stm32f4xx_sai.o(i.SAI_MuteValueConfig), (16 bytes).
    Removing stm32f4xx_sai.o(i.SAI_ReceiveData), (6 bytes).
    Removing stm32f4xx_sai.o(i.SAI_SendData), (4 bytes).
    Removing stm32f4xx_sai.o(i.SAI_SlotInit), (36 bytes).
    Removing stm32f4xx_sai.o(i.SAI_SlotStructInit), (16 bytes).
    Removing stm32f4xx_sai.o(i.SAI_StructInit), (30 bytes).
    Removing stm32f4xx_sai.o(i.SAI_TRIStateConfig), (18 bytes).
    Removing stm32f4xx_sdio.o(.rev16_text), (4 bytes).
    Removing stm32f4xx_sdio.o(.revsh_text), (4 bytes).
    Removing stm32f4xx_sdio.o(.rrx_text), (6 bytes).
    Removing stm32f4xx_sdio.o(i.SDIO_CEATAITCmd), (16 bytes).
    Removing stm32f4xx_sdio.o(i.SDIO_ClearFlag), (12 bytes).
    Removing stm32f4xx_sdio.o(i.SDIO_ClearITPendingBit), (12 bytes).
    Removing stm32f4xx_sdio.o(i.SDIO_ClockCmd), (12 bytes).
    Removing stm32f4xx_sdio.o(i.SDIO_CmdStructInit), (14 bytes).
    Removing stm32f4xx_sdio.o(i.SDIO_CommandCompletionCmd), (12 bytes).
    Removing stm32f4xx_sdio.o(i.SDIO_DMACmd), (12 bytes).
    Removing stm32f4xx_sdio.o(i.SDIO_DataConfig), (52 bytes).
    Removing stm32f4xx_sdio.o(i.SDIO_DataStructInit), (20 bytes).
    Removing stm32f4xx_sdio.o(i.SDIO_DeInit), (22 bytes).
    Removing stm32f4xx_sdio.o(i.SDIO_GetCommandResponse), (12 bytes).
    Removing stm32f4xx_sdio.o(i.SDIO_GetDataCounter), (12 bytes).
    Removing stm32f4xx_sdio.o(i.SDIO_GetFIFOCount), (12 bytes).
    Removing stm32f4xx_sdio.o(i.SDIO_GetFlagStatus), (24 bytes).
    Removing stm32f4xx_sdio.o(i.SDIO_GetITStatus), (24 bytes).
    Removing stm32f4xx_sdio.o(i.SDIO_GetPowerState), (16 bytes).
    Removing stm32f4xx_sdio.o(i.SDIO_GetResponse), (24 bytes).
    Removing stm32f4xx_sdio.o(i.SDIO_ITConfig), (32 bytes).
    Removing stm32f4xx_sdio.o(i.SDIO_Init), (48 bytes).
    Removing stm32f4xx_sdio.o(i.SDIO_ReadData), (12 bytes).
    Removing stm32f4xx_sdio.o(i.SDIO_SendCEATACmd), (12 bytes).
    Removing stm32f4xx_sdio.o(i.SDIO_SendCommand), (44 bytes).
    Removing stm32f4xx_sdio.o(i.SDIO_SendSDIOSuspendCmd), (12 bytes).
    Removing stm32f4xx_sdio.o(i.SDIO_SetPowerState), (12 bytes).
    Removing stm32f4xx_sdio.o(i.SDIO_SetSDIOOperation), (12 bytes).
    Removing stm32f4xx_sdio.o(i.SDIO_SetSDIOReadWaitMode), (12 bytes).
    Removing stm32f4xx_sdio.o(i.SDIO_StartSDIOReadWait), (12 bytes).
    Removing stm32f4xx_sdio.o(i.SDIO_StopSDIOReadWait), (12 bytes).
    Removing stm32f4xx_sdio.o(i.SDIO_StructInit), (16 bytes).
    Removing stm32f4xx_sdio.o(i.SDIO_WriteData), (12 bytes).
    Removing stm32f4xx_spdifrx.o(.rev16_text), (4 bytes).
    Removing stm32f4xx_spdifrx.o(.revsh_text), (4 bytes).
    Removing stm32f4xx_spdifrx.o(.rrx_text), (6 bytes).
    Removing stm32f4xx_spi.o(.rev16_text), (4 bytes).
    Removing stm32f4xx_spi.o(.revsh_text), (4 bytes).
    Removing stm32f4xx_spi.o(.rrx_text), (6 bytes).
    Removing stm32f4xx_spi.o(i.I2S_Cmd), (24 bytes).
    Removing stm32f4xx_spi.o(i.I2S_FullDuplexConfig), (80 bytes).
    Removing stm32f4xx_spi.o(i.I2S_Init), (408 bytes).
    Removing stm32f4xx_spi.o(i.I2S_StructInit), (20 bytes).
    Removing stm32f4xx_spi.o(i.SPI_BiDirectionalLineConfig), (28 bytes).
    Removing stm32f4xx_spi.o(i.SPI_CalculateCRC), (24 bytes).
    Removing stm32f4xx_spi.o(i.SPI_Cmd), (24 bytes).
    Removing stm32f4xx_spi.o(i.SPI_DataSizeConfig), (18 bytes).
    Removing stm32f4xx_spi.o(i.SPI_GetCRC), (16 bytes).
    Removing stm32f4xx_spi.o(i.SPI_GetCRCPolynomial), (6 bytes).
    Removing stm32f4xx_spi.o(i.SPI_I2S_ClearFlag), (6 bytes).
    Removing stm32f4xx_spi.o(i.SPI_I2S_ClearITPendingBit), (20 bytes).
    Removing stm32f4xx_spi.o(i.SPI_I2S_DMACmd), (18 bytes).
    Removing stm32f4xx_spi.o(i.SPI_I2S_DeInit), (176 bytes).
    Removing stm32f4xx_spi.o(i.SPI_I2S_GetFlagStatus), (18 bytes).
    Removing stm32f4xx_spi.o(i.SPI_I2S_GetITStatus), (52 bytes).
    Removing stm32f4xx_spi.o(i.SPI_I2S_ITConfig), (32 bytes).
    Removing stm32f4xx_spi.o(i.SPI_I2S_ReceiveData), (6 bytes).
    Removing stm32f4xx_spi.o(i.SPI_I2S_SendData), (4 bytes).
    Removing stm32f4xx_spi.o(i.SPI_Init), (60 bytes).
    Removing stm32f4xx_spi.o(i.SPI_NSSInternalSoftwareConfig), (30 bytes).
    Removing stm32f4xx_spi.o(i.SPI_SSOutputCmd), (24 bytes).
    Removing stm32f4xx_spi.o(i.SPI_StructInit), (24 bytes).
    Removing stm32f4xx_spi.o(i.SPI_TIModeCmd), (24 bytes).
    Removing stm32f4xx_spi.o(i.SPI_TransmitCRC), (10 bytes).
    Removing stm32f4xx_syscfg.o(.rev16_text), (4 bytes).
    Removing stm32f4xx_syscfg.o(.revsh_text), (4 bytes).
    Removing stm32f4xx_syscfg.o(.rrx_text), (6 bytes).
    Removing stm32f4xx_syscfg.o(i.SYSCFG_CompensationCellCmd), (12 bytes).
    Removing stm32f4xx_syscfg.o(i.SYSCFG_DeInit), (22 bytes).
    Removing stm32f4xx_syscfg.o(i.SYSCFG_ETH_MediaInterfaceConfig), (12 bytes).
    Removing stm32f4xx_syscfg.o(i.SYSCFG_GetCompensationCellStatus), (24 bytes).
    Removing stm32f4xx_syscfg.o(i.SYSCFG_MemoryRemapConfig), (12 bytes).
    Removing stm32f4xx_syscfg.o(i.SYSCFG_MemorySwappingBank), (12 bytes).
    Removing stm32f4xx_tim.o(.rev16_text), (4 bytes).
    Removing stm32f4xx_tim.o(.revsh_text), (4 bytes).
    Removing stm32f4xx_tim.o(.rrx_text), (6 bytes).
    Removing stm32f4xx_tim.o(i.TI1_Config), (58 bytes).
    Removing stm32f4xx_tim.o(i.TI2_Config), (80 bytes).
    Removing stm32f4xx_tim.o(i.TI3_Config), (72 bytes).
    Removing stm32f4xx_tim.o(i.TI4_Config), (80 bytes).
    Removing stm32f4xx_tim.o(i.TIM_ARRPreloadConfig), (24 bytes).
    Removing stm32f4xx_tim.o(i.TIM_BDTRConfig), (32 bytes).
    Removing stm32f4xx_tim.o(i.TIM_BDTRStructInit), (18 bytes).
    Removing stm32f4xx_tim.o(i.TIM_CCPreloadControl), (24 bytes).
    Removing stm32f4xx_tim.o(i.TIM_CCxCmd), (30 bytes).
    Removing stm32f4xx_tim.o(i.TIM_CCxNCmd), (30 bytes).
    Removing stm32f4xx_tim.o(i.TIM_ClearFlag), (6 bytes).
    Removing stm32f4xx_tim.o(i.TIM_ClearOC1Ref), (18 bytes).
    Removing stm32f4xx_tim.o(i.TIM_ClearOC2Ref), (24 bytes).
    Removing stm32f4xx_tim.o(i.TIM_ClearOC3Ref), (18 bytes).
    Removing stm32f4xx_tim.o(i.TIM_ClearOC4Ref), (24 bytes).
    Removing stm32f4xx_tim.o(i.TIM_CounterModeConfig), (18 bytes).
    Removing stm32f4xx_tim.o(i.TIM_CtrlPWMOutputs), (30 bytes).
    Removing stm32f4xx_tim.o(i.TIM_DMACmd), (18 bytes).
    Removing stm32f4xx_tim.o(i.TIM_DMAConfig), (10 bytes).
    Removing stm32f4xx_tim.o(i.TIM_DeInit), (400 bytes).
    Removing stm32f4xx_tim.o(i.TIM_ETRClockMode1Config), (54 bytes).
    Removing stm32f4xx_tim.o(i.TIM_ETRClockMode2Config), (32 bytes).
    Removing stm32f4xx_tim.o(i.TIM_ETRConfig), (28 bytes).
    Removing stm32f4xx_tim.o(i.TIM_EncoderInterfaceConfig), (66 bytes).
    Removing stm32f4xx_tim.o(i.TIM_ForcedOC1Config), (18 bytes).
    Removing stm32f4xx_tim.o(i.TIM_ForcedOC2Config), (26 bytes).
    Removing stm32f4xx_tim.o(i.TIM_ForcedOC3Config), (18 bytes).
    Removing stm32f4xx_tim.o(i.TIM_ForcedOC4Config), (26 bytes).
    Removing stm32f4xx_tim.o(i.TIM_GenerateEvent), (4 bytes).
    Removing stm32f4xx_tim.o(i.TIM_GetCapture1), (6 bytes).
    Removing stm32f4xx_tim.o(i.TIM_GetCapture2), (6 bytes).
    Removing stm32f4xx_tim.o(i.TIM_GetCapture3), (6 bytes).
    Removing stm32f4xx_tim.o(i.TIM_GetCapture4), (6 bytes).
    Removing stm32f4xx_tim.o(i.TIM_GetCounter), (6 bytes).
    Removing stm32f4xx_tim.o(i.TIM_GetFlagStatus), (18 bytes).
    Removing stm32f4xx_tim.o(i.TIM_GetPrescaler), (6 bytes).
    Removing stm32f4xx_tim.o(i.TIM_ICInit), (110 bytes).
    Removing stm32f4xx_tim.o(i.TIM_ICStructInit), (18 bytes).
    Removing stm32f4xx_tim.o(i.TIM_ITRxExternalClockConfig), (24 bytes).
    Removing stm32f4xx_tim.o(i.TIM_InternalClockConfig), (12 bytes).
    Removing stm32f4xx_tim.o(i.TIM_OC1FastConfig), (18 bytes).
    Removing stm32f4xx_tim.o(i.TIM_OC1Init), (124 bytes).
    Removing stm32f4xx_tim.o(i.TIM_OC1NPolarityConfig), (18 bytes).
    Removing stm32f4xx_tim.o(i.TIM_OC1PolarityConfig), (18 bytes).
    Removing stm32f4xx_tim.o(i.TIM_OC1PreloadConfig), (18 bytes).
    Removing stm32f4xx_tim.o(i.TIM_OC2FastConfig), (26 bytes).
    Removing stm32f4xx_tim.o(i.TIM_OC2Init), (164 bytes).
    Removing stm32f4xx_tim.o(i.TIM_OC2NPolarityConfig), (26 bytes).
    Removing stm32f4xx_tim.o(i.TIM_OC2PolarityConfig), (26 bytes).
    Removing stm32f4xx_tim.o(i.TIM_OC2PreloadConfig), (26 bytes).
    Removing stm32f4xx_tim.o(i.TIM_OC3FastConfig), (18 bytes).
    Removing stm32f4xx_tim.o(i.TIM_OC3Init), (160 bytes).
    Removing stm32f4xx_tim.o(i.TIM_OC3NPolarityConfig), (26 bytes).
    Removing stm32f4xx_tim.o(i.TIM_OC3PolarityConfig), (26 bytes).
    Removing stm32f4xx_tim.o(i.TIM_OC3PreloadConfig), (18 bytes).
    Removing stm32f4xx_tim.o(i.TIM_OC4FastConfig), (26 bytes).
    Removing stm32f4xx_tim.o(i.TIM_OC4Init), (120 bytes).
    Removing stm32f4xx_tim.o(i.TIM_OC4PolarityConfig), (26 bytes).
    Removing stm32f4xx_tim.o(i.TIM_OC4PreloadConfig), (26 bytes).
    Removing stm32f4xx_tim.o(i.TIM_OCStructInit), (20 bytes).
    Removing stm32f4xx_tim.o(i.TIM_PWMIConfig), (124 bytes).
    Removing stm32f4xx_tim.o(i.TIM_PrescalerConfig), (6 bytes).
    Removing stm32f4xx_tim.o(i.TIM_RemapConfig), (6 bytes).
    Removing stm32f4xx_tim.o(i.TIM_SelectCCDMA), (24 bytes).
    Removing stm32f4xx_tim.o(i.TIM_SelectCOM), (24 bytes).
    Removing stm32f4xx_tim.o(i.TIM_SelectHallSensor), (24 bytes).
    Removing stm32f4xx_tim.o(i.TIM_SelectInputTrigger), (18 bytes).
    Removing stm32f4xx_tim.o(i.TIM_SelectMasterSlaveMode), (18 bytes).
    Removing stm32f4xx_tim.o(i.TIM_SelectOCxM), (86 bytes).
    Removing stm32f4xx_tim.o(i.TIM_SelectOnePulseMode), (18 bytes).
    Removing stm32f4xx_tim.o(i.TIM_SelectOutputTrigger), (18 bytes).
    Removing stm32f4xx_tim.o(i.TIM_SelectSlaveMode), (18 bytes).
    Removing stm32f4xx_tim.o(i.TIM_SetAutoreload), (4 bytes).
    Removing stm32f4xx_tim.o(i.TIM_SetClockDivision), (18 bytes).
    Removing stm32f4xx_tim.o(i.TIM_SetCompare1), (4 bytes).
    Removing stm32f4xx_tim.o(i.TIM_SetCompare2), (4 bytes).
    Removing stm32f4xx_tim.o(i.TIM_SetCompare3), (4 bytes).
    Removing stm32f4xx_tim.o(i.TIM_SetCompare4), (4 bytes).
    Removing stm32f4xx_tim.o(i.TIM_SetCounter), (4 bytes).
    Removing stm32f4xx_tim.o(i.TIM_SetIC1Prescaler), (18 bytes).
    Removing stm32f4xx_tim.o(i.TIM_SetIC2Prescaler), (26 bytes).
    Removing stm32f4xx_tim.o(i.TIM_SetIC3Prescaler), (18 bytes).
    Removing stm32f4xx_tim.o(i.TIM_SetIC4Prescaler), (26 bytes).
    Removing stm32f4xx_tim.o(i.TIM_TIxExternalClockConfig), (62 bytes).
    Removing stm32f4xx_tim.o(i.TIM_TimeBaseStructInit), (18 bytes).
    Removing stm32f4xx_tim.o(i.TIM_UpdateDisableConfig), (24 bytes).
    Removing stm32f4xx_tim.o(i.TIM_UpdateRequestConfig), (24 bytes).
    Removing stm32f4xx_usart.o(.rev16_text), (4 bytes).
    Removing stm32f4xx_usart.o(.revsh_text), (4 bytes).
    Removing stm32f4xx_usart.o(.rrx_text), (6 bytes).
    Removing stm32f4xx_usart.o(i.USART_ClearFlag), (18 bytes).
    Removing stm32f4xx_usart.o(i.USART_ClockInit), (32 bytes).
    Removing stm32f4xx_usart.o(i.USART_ClockStructInit), (12 bytes).
    Removing stm32f4xx_usart.o(i.USART_DMACmd), (18 bytes).
    Removing stm32f4xx_usart.o(i.USART_DeInit), (240 bytes).
    Removing stm32f4xx_usart.o(i.USART_HalfDuplexCmd), (24 bytes).
    Removing stm32f4xx_usart.o(i.USART_IrDACmd), (24 bytes).
    Removing stm32f4xx_usart.o(i.USART_IrDAConfig), (18 bytes).
    Removing stm32f4xx_usart.o(i.USART_LINBreakDetectLengthConfig), (18 bytes).
    Removing stm32f4xx_usart.o(i.USART_LINCmd), (24 bytes).
    Removing stm32f4xx_usart.o(i.USART_OneBitMethodCmd), (24 bytes).
    Removing stm32f4xx_usart.o(i.USART_OverSampling8Cmd), (22 bytes).
    Removing stm32f4xx_usart.o(i.USART_ReceiverWakeUpCmd), (24 bytes).
    Removing stm32f4xx_usart.o(i.USART_SendBreak), (10 bytes).
    Removing stm32f4xx_usart.o(i.USART_SetAddress), (18 bytes).
    Removing stm32f4xx_usart.o(i.USART_SetGuardTime), (16 bytes).
    Removing stm32f4xx_usart.o(i.USART_SetPrescaler), (16 bytes).
    Removing stm32f4xx_usart.o(i.USART_SmartCardCmd), (24 bytes).
    Removing stm32f4xx_usart.o(i.USART_SmartCardNACKCmd), (24 bytes).
    Removing stm32f4xx_usart.o(i.USART_StructInit), (24 bytes).
    Removing stm32f4xx_usart.o(i.USART_WakeUpConfig), (18 bytes).
    Removing stm32f4xx_wwdg.o(.rev16_text), (4 bytes).
    Removing stm32f4xx_wwdg.o(.revsh_text), (4 bytes).
    Removing stm32f4xx_wwdg.o(.rrx_text), (6 bytes).
    Removing stm32f4xx_wwdg.o(i.WWDG_ClearFlag), (12 bytes).
    Removing stm32f4xx_wwdg.o(i.WWDG_DeInit), (22 bytes).
    Removing stm32f4xx_wwdg.o(i.WWDG_Enable), (16 bytes).
    Removing stm32f4xx_wwdg.o(i.WWDG_EnableIT), (12 bytes).
    Removing stm32f4xx_wwdg.o(i.WWDG_GetFlagStatus), (20 bytes).
    Removing stm32f4xx_wwdg.o(i.WWDG_SetCounter), (16 bytes).
    Removing stm32f4xx_wwdg.o(i.WWDG_SetPrescaler), (24 bytes).
    Removing stm32f4xx_wwdg.o(i.WWDG_SetWindowValue), (40 bytes).
    Removing dadd.o(.text), (334 bytes).
    Removing dmul.o(.text), (228 bytes).
    Removing f2d.o(.text), (38 bytes).
    Removing d2f.o(.text), (56 bytes).
    Removing fepilogue.o(.text), (110 bytes).
    Removing depilogue.o(.text), (186 bytes).

945 unused section(s) (total 46396 bytes) removed from the image.

==============================================================================

Image Symbol Table

    Local Symbols

    Symbol Name                              Value     Ov Type        Size  Object(Section)

    ../clib/microlib/init/entry.s            0x00000000   Number         0  entry11a.o ABSOLUTE
    ../clib/microlib/init/entry.s            0x00000000   Number         0  entry8a.o ABSOLUTE
    ../clib/microlib/init/entry.s            0x00000000   Number         0  entry7b.o ABSOLUTE
    ../clib/microlib/init/entry.s            0x00000000   Number         0  entry7a.o ABSOLUTE
    ../clib/microlib/init/entry.s            0x00000000   Number         0  entry5.o ABSOLUTE
    ../clib/microlib/init/entry.s            0x00000000   Number         0  entry2.o ABSOLUTE
    ../clib/microlib/init/entry.s            0x00000000   Number         0  entry11b.o ABSOLUTE
    ../clib/microlib/init/entry.s            0x00000000   Number         0  entry.o ABSOLUTE
    ../clib/microlib/init/entry.s            0x00000000   Number         0  entry10b.o ABSOLUTE
    ../clib/microlib/init/entry.s            0x00000000   Number         0  entry10a.o ABSOLUTE
    ../clib/microlib/init/entry.s            0x00000000   Number         0  entry9b.o ABSOLUTE
    ../clib/microlib/init/entry.s            0x00000000   Number         0  entry9a.o ABSOLUTE
    ../clib/microlib/init/entry.s            0x00000000   Number         0  entry8b.o ABSOLUTE
    ../clib/microlib/longlong.c              0x00000000   Number         0  llushr.o ABSOLUTE
    ../clib/microlib/longlong.c              0x00000000   Number         0  llsshr.o ABSOLUTE
    ../clib/microlib/longlong.c              0x00000000   Number         0  llshl.o ABSOLUTE
    ../clib/microlib/stubs.s                 0x00000000   Number         0  iusefp.o ABSOLUTE
    ../fplib/microlib/d2f.c                  0x00000000   Number         0  d2f.o ABSOLUTE
    ../fplib/microlib/f2d.c                  0x00000000   Number         0  f2d.o ABSOLUTE
    ../fplib/microlib/fpadd.c                0x00000000   Number         0  dadd.o ABSOLUTE
    ../fplib/microlib/fpepilogue.c           0x00000000   Number         0  depilogue.o ABSOLUTE
    ../fplib/microlib/fpepilogue.c           0x00000000   Number         0  fepilogue.o ABSOLUTE
    ../fplib/microlib/fpmul.c                0x00000000   Number         0  dmul.o ABSOLUTE
    ..\CODE\startup_stm32f40_41xxx.s         0x00000000   Number         0  startup_stm32f40_41xxx.o ABSOLUTE
    ..\FWLIB\src\misc.c                      0x00000000   Number         0  misc.o ABSOLUTE
    ..\FWLIB\src\stm32f4xx_adc.c             0x00000000   Number         0  stm32f4xx_adc.o ABSOLUTE
    ..\FWLIB\src\stm32f4xx_can.c             0x00000000   Number         0  stm32f4xx_can.o ABSOLUTE
    ..\FWLIB\src\stm32f4xx_cec.c             0x00000000   Number         0  stm32f4xx_cec.o ABSOLUTE
    ..\FWLIB\src\stm32f4xx_crc.c             0x00000000   Number         0  stm32f4xx_crc.o ABSOLUTE
    ..\FWLIB\src\stm32f4xx_cryp.c            0x00000000   Number         0  stm32f4xx_cryp.o ABSOLUTE
    ..\FWLIB\src\stm32f4xx_cryp_aes.c        0x00000000   Number         0  stm32f4xx_cryp_aes.o ABSOLUTE
    ..\FWLIB\src\stm32f4xx_cryp_des.c        0x00000000   Number         0  stm32f4xx_cryp_des.o ABSOLUTE
    ..\FWLIB\src\stm32f4xx_cryp_tdes.c       0x00000000   Number         0  stm32f4xx_cryp_tdes.o ABSOLUTE
    ..\FWLIB\src\stm32f4xx_dac.c             0x00000000   Number         0  stm32f4xx_dac.o ABSOLUTE
    ..\FWLIB\src\stm32f4xx_dbgmcu.c          0x00000000   Number         0  stm32f4xx_dbgmcu.o ABSOLUTE
    ..\FWLIB\src\stm32f4xx_dcmi.c            0x00000000   Number         0  stm32f4xx_dcmi.o ABSOLUTE
    ..\FWLIB\src\stm32f4xx_dfsdm.c           0x00000000   Number         0  stm32f4xx_dfsdm.o ABSOLUTE
    ..\FWLIB\src\stm32f4xx_dma.c             0x00000000   Number         0  stm32f4xx_dma.o ABSOLUTE
    ..\FWLIB\src\stm32f4xx_dma2d.c           0x00000000   Number         0  stm32f4xx_dma2d.o ABSOLUTE
    ..\FWLIB\src\stm32f4xx_dsi.c             0x00000000   Number         0  stm32f4xx_dsi.o ABSOLUTE
    ..\FWLIB\src\stm32f4xx_exti.c            0x00000000   Number         0  stm32f4xx_exti.o ABSOLUTE
    ..\FWLIB\src\stm32f4xx_flash.c           0x00000000   Number         0  stm32f4xx_flash.o ABSOLUTE
    ..\FWLIB\src\stm32f4xx_flash_ramfunc.c   0x00000000   Number         0  stm32f4xx_flash_ramfunc.o ABSOLUTE
    ..\FWLIB\src\stm32f4xx_fmpi2c.c          0x00000000   Number         0  stm32f4xx_fmpi2c.o ABSOLUTE
    ..\FWLIB\src\stm32f4xx_fsmc.c            0x00000000   Number         0  stm32f4xx_fsmc.o ABSOLUTE
    ..\FWLIB\src\stm32f4xx_gpio.c            0x00000000   Number         0  stm32f4xx_gpio.o ABSOLUTE
    ..\FWLIB\src\stm32f4xx_hash.c            0x00000000   Number         0  stm32f4xx_hash.o ABSOLUTE
    ..\FWLIB\src\stm32f4xx_hash_md5.c        0x00000000   Number         0  stm32f4xx_hash_md5.o ABSOLUTE
    ..\FWLIB\src\stm32f4xx_hash_sha1.c       0x00000000   Number         0  stm32f4xx_hash_sha1.o ABSOLUTE
    ..\FWLIB\src\stm32f4xx_i2c.c             0x00000000   Number         0  stm32f4xx_i2c.o ABSOLUTE
    ..\FWLIB\src\stm32f4xx_iwdg.c            0x00000000   Number         0  stm32f4xx_iwdg.o ABSOLUTE
    ..\FWLIB\src\stm32f4xx_lptim.c           0x00000000   Number         0  stm32f4xx_lptim.o ABSOLUTE
    ..\FWLIB\src\stm32f4xx_ltdc.c            0x00000000   Number         0  stm32f4xx_ltdc.o ABSOLUTE
    ..\FWLIB\src\stm32f4xx_pwr.c             0x00000000   Number         0  stm32f4xx_pwr.o ABSOLUTE
    ..\FWLIB\src\stm32f4xx_qspi.c            0x00000000   Number         0  stm32f4xx_qspi.o ABSOLUTE
    ..\FWLIB\src\stm32f4xx_rcc.c             0x00000000   Number         0  stm32f4xx_rcc.o ABSOLUTE
    ..\FWLIB\src\stm32f4xx_rng.c             0x00000000   Number         0  stm32f4xx_rng.o ABSOLUTE
    ..\FWLIB\src\stm32f4xx_rtc.c             0x00000000   Number         0  stm32f4xx_rtc.o ABSOLUTE
    ..\FWLIB\src\stm32f4xx_sai.c             0x00000000   Number         0  stm32f4xx_sai.o ABSOLUTE
    ..\FWLIB\src\stm32f4xx_sdio.c            0x00000000   Number         0  stm32f4xx_sdio.o ABSOLUTE
    ..\FWLIB\src\stm32f4xx_spdifrx.c         0x00000000   Number         0  stm32f4xx_spdifrx.o ABSOLUTE
    ..\FWLIB\src\stm32f4xx_spi.c             0x00000000   Number         0  stm32f4xx_spi.o ABSOLUTE
    ..\FWLIB\src\stm32f4xx_syscfg.c          0x00000000   Number         0  stm32f4xx_syscfg.o ABSOLUTE
    ..\FWLIB\src\stm32f4xx_tim.c             0x00000000   Number         0  stm32f4xx_tim.o ABSOLUTE
    ..\FWLIB\src\stm32f4xx_usart.c           0x00000000   Number         0  stm32f4xx_usart.o ABSOLUTE
    ..\FWLIB\src\stm32f4xx_wwdg.c            0x00000000   Number         0  stm32f4xx_wwdg.o ABSOLUTE
    ..\SYSTEM\Source\ADC.c                   0x00000000   Number         0  adc.o ABSOLUTE
    ..\SYSTEM\Source\Common_filter.c         0x00000000   Number         0  common_filter.o ABSOLUTE
    ..\SYSTEM\Source\Encoder.c               0x00000000   Number         0  encoder.o ABSOLUTE
    ..\SYSTEM\Source\FONT.c                  0x00000000   Number         0  font.o ABSOLUTE
    ..\SYSTEM\Source\IC.c                    0x00000000   Number         0  ic.o ABSOLUTE
    ..\SYSTEM\Source\LCD.c                   0x00000000   Number         0  lcd.o ABSOLUTE
    ..\SYSTEM\Source\PID.c                   0x00000000   Number         0  pid.o ABSOLUTE
    ..\SYSTEM\Source\PWM.c                   0x00000000   Number         0  pwm.o ABSOLUTE
    ..\SYSTEM\Source\TIM_EXTI.c              0x00000000   Number         0  tim_exti.o ABSOLUTE
    ..\SYSTEM\Source\Text.c                  0x00000000   Number         0  text.o ABSOLUTE
    ..\SYSTEM\Source\Watchdog.c              0x00000000   Number         0  watchdog.o ABSOLUTE
    ..\SYSTEM\Source\beep.c                  0x00000000   Number         0  beep.o ABSOLUTE
    ..\SYSTEM\Source\control.c               0x00000000   Number         0  control.o ABSOLUTE
    ..\SYSTEM\Source\delay.c                 0x00000000   Number         0  delay.o ABSOLUTE
    ..\SYSTEM\Source\exti.c                  0x00000000   Number         0  exti.o ABSOLUTE
    ..\SYSTEM\Source\key.c                   0x00000000   Number         0  key.o ABSOLUTE
    ..\SYSTEM\Source\led.c                   0x00000000   Number         0  led.o ABSOLUTE
    ..\SYSTEM\Source\lightsensor.c           0x00000000   Number         0  lightsensor.o ABSOLUTE
    ..\SYSTEM\Source\oled.c                  0x00000000   Number         0  oled.o ABSOLUTE
    ..\SYSTEM\Source\sys.c                   0x00000000   Number         0  sys.o ABSOLUTE
    ..\SYSTEM\Source\usart.c                 0x00000000   Number         0  usart.o ABSOLUTE
    ..\\FWLIB\\src\\misc.c                   0x00000000   Number         0  misc.o ABSOLUTE
    ..\\FWLIB\\src\\stm32f4xx_adc.c          0x00000000   Number         0  stm32f4xx_adc.o ABSOLUTE
    ..\\FWLIB\\src\\stm32f4xx_can.c          0x00000000   Number         0  stm32f4xx_can.o ABSOLUTE
    ..\\FWLIB\\src\\stm32f4xx_cec.c          0x00000000   Number         0  stm32f4xx_cec.o ABSOLUTE
    ..\\FWLIB\\src\\stm32f4xx_crc.c          0x00000000   Number         0  stm32f4xx_crc.o ABSOLUTE
    ..\\FWLIB\\src\\stm32f4xx_cryp.c         0x00000000   Number         0  stm32f4xx_cryp.o ABSOLUTE
    ..\\FWLIB\\src\\stm32f4xx_cryp_aes.c     0x00000000   Number         0  stm32f4xx_cryp_aes.o ABSOLUTE
    ..\\FWLIB\\src\\stm32f4xx_cryp_des.c     0x00000000   Number         0  stm32f4xx_cryp_des.o ABSOLUTE
    ..\\FWLIB\\src\\stm32f4xx_cryp_tdes.c    0x00000000   Number         0  stm32f4xx_cryp_tdes.o ABSOLUTE
    ..\\FWLIB\\src\\stm32f4xx_dac.c          0x00000000   Number         0  stm32f4xx_dac.o ABSOLUTE
    ..\\FWLIB\\src\\stm32f4xx_dbgmcu.c       0x00000000   Number         0  stm32f4xx_dbgmcu.o ABSOLUTE
    ..\\FWLIB\\src\\stm32f4xx_dcmi.c         0x00000000   Number         0  stm32f4xx_dcmi.o ABSOLUTE
    ..\\FWLIB\\src\\stm32f4xx_dfsdm.c        0x00000000   Number         0  stm32f4xx_dfsdm.o ABSOLUTE
    ..\\FWLIB\\src\\stm32f4xx_dma.c          0x00000000   Number         0  stm32f4xx_dma.o ABSOLUTE
    ..\\FWLIB\\src\\stm32f4xx_dma2d.c        0x00000000   Number         0  stm32f4xx_dma2d.o ABSOLUTE
    ..\\FWLIB\\src\\stm32f4xx_dsi.c          0x00000000   Number         0  stm32f4xx_dsi.o ABSOLUTE
    ..\\FWLIB\\src\\stm32f4xx_exti.c         0x00000000   Number         0  stm32f4xx_exti.o ABSOLUTE
    ..\\FWLIB\\src\\stm32f4xx_flash.c        0x00000000   Number         0  stm32f4xx_flash.o ABSOLUTE
    ..\\FWLIB\\src\\stm32f4xx_flash_ramfunc.c 0x00000000   Number         0  stm32f4xx_flash_ramfunc.o ABSOLUTE
    ..\\FWLIB\\src\\stm32f4xx_fmpi2c.c       0x00000000   Number         0  stm32f4xx_fmpi2c.o ABSOLUTE
    ..\\FWLIB\\src\\stm32f4xx_fsmc.c         0x00000000   Number         0  stm32f4xx_fsmc.o ABSOLUTE
    ..\\FWLIB\\src\\stm32f4xx_gpio.c         0x00000000   Number         0  stm32f4xx_gpio.o ABSOLUTE
    ..\\FWLIB\\src\\stm32f4xx_hash.c         0x00000000   Number         0  stm32f4xx_hash.o ABSOLUTE
    ..\\FWLIB\\src\\stm32f4xx_hash_md5.c     0x00000000   Number         0  stm32f4xx_hash_md5.o ABSOLUTE
    ..\\FWLIB\\src\\stm32f4xx_hash_sha1.c    0x00000000   Number         0  stm32f4xx_hash_sha1.o ABSOLUTE
    ..\\FWLIB\\src\\stm32f4xx_i2c.c          0x00000000   Number         0  stm32f4xx_i2c.o ABSOLUTE
    ..\\FWLIB\\src\\stm32f4xx_iwdg.c         0x00000000   Number         0  stm32f4xx_iwdg.o ABSOLUTE
    ..\\FWLIB\\src\\stm32f4xx_lptim.c        0x00000000   Number         0  stm32f4xx_lptim.o ABSOLUTE
    ..\\FWLIB\\src\\stm32f4xx_ltdc.c         0x00000000   Number         0  stm32f4xx_ltdc.o ABSOLUTE
    ..\\FWLIB\\src\\stm32f4xx_pwr.c          0x00000000   Number         0  stm32f4xx_pwr.o ABSOLUTE
    ..\\FWLIB\\src\\stm32f4xx_qspi.c         0x00000000   Number         0  stm32f4xx_qspi.o ABSOLUTE
    ..\\FWLIB\\src\\stm32f4xx_rcc.c          0x00000000   Number         0  stm32f4xx_rcc.o ABSOLUTE
    ..\\FWLIB\\src\\stm32f4xx_rng.c          0x00000000   Number         0  stm32f4xx_rng.o ABSOLUTE
    ..\\FWLIB\\src\\stm32f4xx_rtc.c          0x00000000   Number         0  stm32f4xx_rtc.o ABSOLUTE
    ..\\FWLIB\\src\\stm32f4xx_sai.c          0x00000000   Number         0  stm32f4xx_sai.o ABSOLUTE
    ..\\FWLIB\\src\\stm32f4xx_sdio.c         0x00000000   Number         0  stm32f4xx_sdio.o ABSOLUTE
    ..\\FWLIB\\src\\stm32f4xx_spdifrx.c      0x00000000   Number         0  stm32f4xx_spdifrx.o ABSOLUTE
    ..\\FWLIB\\src\\stm32f4xx_spi.c          0x00000000   Number         0  stm32f4xx_spi.o ABSOLUTE
    ..\\FWLIB\\src\\stm32f4xx_syscfg.c       0x00000000   Number         0  stm32f4xx_syscfg.o ABSOLUTE
    ..\\FWLIB\\src\\stm32f4xx_tim.c          0x00000000   Number         0  stm32f4xx_tim.o ABSOLUTE
    ..\\FWLIB\\src\\stm32f4xx_usart.c        0x00000000   Number         0  stm32f4xx_usart.o ABSOLUTE
    ..\\FWLIB\\src\\stm32f4xx_wwdg.c         0x00000000   Number         0  stm32f4xx_wwdg.o ABSOLUTE
    ..\\SYSTEM\\Source\\Common_filter.c      0x00000000   Number         0  common_filter.o ABSOLUTE
    ..\\SYSTEM\\Source\\Encoder.c            0x00000000   Number         0  encoder.o ABSOLUTE
    ..\\SYSTEM\\Source\\LCD.c                0x00000000   Number         0  lcd.o ABSOLUTE
    ..\\SYSTEM\\Source\\PID.c                0x00000000   Number         0  pid.o ABSOLUTE
    ..\\SYSTEM\\Source\\PWM.c                0x00000000   Number         0  pwm.o ABSOLUTE
    ..\\SYSTEM\\Source\\TIM_EXTI.c           0x00000000   Number         0  tim_exti.o ABSOLUTE
    ..\\SYSTEM\\Source\\Text.c               0x00000000   Number         0  text.o ABSOLUTE
    ..\\SYSTEM\\Source\\beep.c               0x00000000   Number         0  beep.o ABSOLUTE
    ..\\SYSTEM\\Source\\control.c            0x00000000   Number         0  control.o ABSOLUTE
    ..\\SYSTEM\\Source\\delay.c              0x00000000   Number         0  delay.o ABSOLUTE
    ..\\SYSTEM\\Source\\exti.c               0x00000000   Number         0  exti.o ABSOLUTE
    ..\\SYSTEM\\Source\\key.c                0x00000000   Number         0  key.o ABSOLUTE
    ..\\SYSTEM\\Source\\led.c                0x00000000   Number         0  led.o ABSOLUTE
    ..\\SYSTEM\\Source\\lightsensor.c        0x00000000   Number         0  lightsensor.o ABSOLUTE
    ..\\SYSTEM\\Source\\oled.c               0x00000000   Number         0  oled.o ABSOLUTE
    ..\\SYSTEM\\Source\\sys.c                0x00000000   Number         0  sys.o ABSOLUTE
    ..\\SYSTEM\\Source\\usart.c              0x00000000   Number         0  usart.o ABSOLUTE
    dc.s                                     0x00000000   Number         0  dc.o ABSOLUTE
    handlers.s                               0x00000000   Number         0  handlers.o ABSOLUTE
    init.s                                   0x00000000   Number         0  init.o ABSOLUTE
    main.c                                   0x00000000   Number         0  main.o ABSOLUTE
    main.c                                   0x00000000   Number         0  main.o ABSOLUTE
    stm32f4xx_it.c                           0x00000000   Number         0  stm32f4xx_it.o ABSOLUTE
    stm32f4xx_it.c                           0x00000000   Number         0  stm32f4xx_it.o ABSOLUTE
    system_stm32f4xx.c                       0x00000000   Number         0  system_stm32f4xx.o ABSOLUTE
    system_stm32f4xx.c                       0x00000000   Number         0  system_stm32f4xx.o ABSOLUTE
    RESET                                    0x08000000   Section      392  startup_stm32f40_41xxx.o(RESET)
    .ARM.Collect$$$$00000000                 0x08000188   Section        0  entry.o(.ARM.Collect$$$$00000000)
    .ARM.Collect$$$$00000001                 0x08000188   Section        4  entry2.o(.ARM.Collect$$$$00000001)
    .ARM.Collect$$$$00000004                 0x0800018c   Section        4  entry5.o(.ARM.Collect$$$$00000004)
    .ARM.Collect$$$$00000008                 0x08000190   Section        0  entry7b.o(.ARM.Collect$$$$00000008)
    .ARM.Collect$$$$0000000A                 0x08000190   Section        0  entry8b.o(.ARM.Collect$$$$0000000A)
    .ARM.Collect$$$$0000000B                 0x08000190   Section        8  entry9a.o(.ARM.Collect$$$$0000000B)
    .ARM.Collect$$$$0000000D                 0x08000198   Section        0  entry10a.o(.ARM.Collect$$$$0000000D)
    .ARM.Collect$$$$0000000F                 0x08000198   Section        0  entry11a.o(.ARM.Collect$$$$0000000F)
    .ARM.Collect$$$$00002712                 0x08000198   Section        4  entry2.o(.ARM.Collect$$$$00002712)
    __lit__00000000                          0x08000198   Data           4  entry2.o(.ARM.Collect$$$$00002712)
    .text                                    0x0800019c   Section       36  startup_stm32f40_41xxx.o(.text)
    $v0                                      0x0800019c   Number         0  startup_stm32f40_41xxx.o(.text)
    .text                                    0x080001c0   Section       36  init.o(.text)
    i.BSP_Init                               0x080001e4   Section        0  main.o(i.BSP_Init)
    i.BusFault_Handler                       0x08000224   Section        0  stm32f4xx_it.o(i.BusFault_Handler)
    i.Chess_Steps_Init                       0x08000228   Section        0  control.o(i.Chess_Steps_Init)
    i.Control_Init                           0x08000234   Section        0  control.o(i.Control_Init)
    i.DebugMon_Handler                       0x080002a0   Section        0  stm32f4xx_it.o(i.DebugMon_Handler)
    i.Delay_Init                             0x080002a4   Section        0  delay.o(i.Delay_Init)
    i.Driver_Control_Enable_or_Disable       0x0800032c   Section        0  control.o(i.Driver_Control_Enable_or_Disable)
    i.EXTI9_5_IRQHandler                     0x080003b0   Section        0  key.o(i.EXTI9_5_IRQHandler)
    i.EXTIX_Init                             0x080009e4   Section        0  key.o(i.EXTIX_Init)
    i.EXTI_ClearITPendingBit                 0x08000ab8   Section        0  stm32f4xx_exti.o(i.EXTI_ClearITPendingBit)
    i.EXTI_GetFlagStatus                     0x08000ac4   Section        0  stm32f4xx_exti.o(i.EXTI_GetFlagStatus)
    i.EXTI_Init                              0x08000adc   Section        0  stm32f4xx_exti.o(i.EXTI_Init)
    i.FSMC_NORSRAMCmd                        0x08000b70   Section        0  stm32f4xx_fsmc.o(i.FSMC_NORSRAMCmd)
    i.FSMC_NORSRAMInit                       0x08000ba4   Section        0  stm32f4xx_fsmc.o(i.FSMC_NORSRAMInit)
    i.GPIO_GIVE                              0x08000cc8   Section        0  key.o(i.GPIO_GIVE)
    i.GPIO_Init                              0x08000cf0   Section        0  stm32f4xx_gpio.o(i.GPIO_Init)
    i.GPIO_PinAFConfig                       0x08000d80   Section        0  stm32f4xx_gpio.o(i.GPIO_PinAFConfig)
    i.GPIO_ReadInputDataBit                  0x08000dc6   Section        0  stm32f4xx_gpio.o(i.GPIO_ReadInputDataBit)
    i.GPIO_ResetBits                         0x08000dd8   Section        0  stm32f4xx_gpio.o(i.GPIO_ResetBits)
    i.GPIO_SET                               0x08000ddc   Section        0  key.o(i.GPIO_SET)
    i.GPIO_SetBits                           0x08000ec0   Section        0  stm32f4xx_gpio.o(i.GPIO_SetBits)
    i.GPIO_ToggleBits                        0x08000ec4   Section        0  stm32f4xx_gpio.o(i.GPIO_ToggleBits)
    i.GPIO_WriteBit                          0x08000ecc   Section        0  stm32f4xx_gpio.o(i.GPIO_WriteBit)
    i.Go_to_designed_location_reset          0x08000ed8   Section        0  control.o(i.Go_to_designed_location_reset)
    i.HardFault_Handler                      0x08000f3c   Section        0  stm32f4xx_it.o(i.HardFault_Handler)
    i.LCD_Clear                              0x08000f40   Section        0  lcd.o(i.LCD_Clear)
    i.LCD_Display_Dir                        0x08000f84   Section        0  lcd.o(i.LCD_Display_Dir)
    i.LCD_Fast_DrawPoint                     0x08001040   Section        0  lcd.o(i.LCD_Fast_DrawPoint)
    i.LCD_Init                               0x08001094   Section        0  lcd.o(i.LCD_Init)
    i.LCD_Pow                                0x08001588   Section        0  lcd.o(i.LCD_Pow)
    i.LCD_RD_DATA                            0x080015a0   Section        0  lcd.o(i.LCD_RD_DATA)
    i.LCD_ReadReg                            0x080015b4   Section        0  lcd.o(i.LCD_ReadReg)
    i.LCD_Scan_Dir                           0x080015cc   Section        0  lcd.o(i.LCD_Scan_Dir)
    i.LCD_SetCursor                          0x0800168c   Section        0  lcd.o(i.LCD_SetCursor)
    i.LCD_Set_Window                         0x080016cc   Section        0  lcd.o(i.LCD_Set_Window)
    i.LCD_ShowChar                           0x08001730   Section        0  lcd.o(i.LCD_ShowChar)
    i.LCD_ShowNum                            0x08001854   Section        0  lcd.o(i.LCD_ShowNum)
    i.LCD_ShowString                         0x080018ec   Section        0  lcd.o(i.LCD_ShowString)
    i.LCD_WR_DATA                            0x08001958   Section        0  lcd.o(i.LCD_WR_DATA)
    i.LCD_WR_REG                             0x08001964   Section        0  lcd.o(i.LCD_WR_REG)
    i.LCD_WriteRAM_Prepare                   0x08001970   Section        0  lcd.o(i.LCD_WriteRAM_Prepare)
    i.LCD_WriteReg                           0x08001984   Section        0  lcd.o(i.LCD_WriteReg)
    i.LED_Init                               0x08001998   Section        0  led.o(i.LED_Init)
    i.MemManage_Handler                      0x080019cc   Section        0  stm32f4xx_it.o(i.MemManage_Handler)
    i.Mode_Select                            0x080019d0   Section        0  main.o(i.Mode_Select)
    i.Motor_Arrive_designed_location         0x08001a88   Section        0  control.o(i.Motor_Arrive_designed_location)
    i.NMI_Handler                            0x08001ac0   Section        0  stm32f4xx_it.o(i.NMI_Handler)
    i.NVIC_Init                              0x08001ac4   Section        0  misc.o(i.NVIC_Init)
    i.NVIC_PriorityGroupConfig               0x08001b3c   Section        0  misc.o(i.NVIC_PriorityGroupConfig)
    i.Order_Stretch_chess                    0x08001b50   Section        0  control.o(i.Order_Stretch_chess)
    i.PendSV_Handler                         0x08001c60   Section        0  stm32f4xx_it.o(i.PendSV_Handler)
    i.RCC_AHB1PeriphClockCmd                 0x08001c64   Section        0  stm32f4xx_rcc.o(i.RCC_AHB1PeriphClockCmd)
    i.RCC_AHB3PeriphClockCmd                 0x08001c84   Section        0  stm32f4xx_rcc.o(i.RCC_AHB3PeriphClockCmd)
    i.RCC_APB1PeriphClockCmd                 0x08001ca4   Section        0  stm32f4xx_rcc.o(i.RCC_APB1PeriphClockCmd)
    i.RCC_APB2PeriphClockCmd                 0x08001cc4   Section        0  stm32f4xx_rcc.o(i.RCC_APB2PeriphClockCmd)
    i.RCC_GetClocksFreq                      0x08001ce4   Section        0  stm32f4xx_rcc.o(i.RCC_GetClocksFreq)
    i.SVC_Handler                            0x08001dcc   Section        0  stm32f4xx_it.o(i.SVC_Handler)
    i.SYSCFG_EXTILineConfig                  0x08001dd0   Section        0  stm32f4xx_syscfg.o(i.SYSCFG_EXTILineConfig)
    i.Send_code_to_openmv                    0x08001e10   Section        0  usart.o(i.Send_code_to_openmv)
    i.Serial3_Init                           0x08001e34   Section        0  usart.o(i.Serial3_Init)
    i.Serial_SendByte                        0x08001ee0   Section        0  usart.o(i.Serial_SendByte)
    i.SetSysClock                            0x08001f00   Section        0  system_stm32f4xx.o(i.SetSysClock)
    SetSysClock                              0x08001f01   Thumb Code   220  system_stm32f4xx.o(i.SetSysClock)
    i.Stepper_Move                           0x08001fec   Section        0  control.o(i.Stepper_Move)
    i.Stretch_ON_OR_OFF                      0x0800208c   Section        0  control.o(i.Stretch_ON_OR_OFF)
    i.Stretch_chess                          0x080020ac   Section        0  control.o(i.Stretch_chess)
    i.SysTick_Handler                        0x0800215c   Section        0  stm32f4xx_it.o(i.SysTick_Handler)
    i.SystemInit                             0x08002164   Section        0  system_stm32f4xx.o(i.SystemInit)
    i.TIM2_IRQHandler                        0x080021cc   Section        0  encoder.o(i.TIM2_IRQHandler)
    i.TIM3_IRQHandler                        0x080021e4   Section        0  encoder.o(i.TIM3_IRQHandler)
    i.TIM4_IRQHandler                        0x08002200   Section        0  control.o(i.TIM4_IRQHandler)
    i.TIM_ClearITPendingBit                  0x0800227c   Section        0  stm32f4xx_tim.o(i.TIM_ClearITPendingBit)
    i.TIM_Cmd                                0x08002282   Section        0  stm32f4xx_tim.o(i.TIM_Cmd)
    i.TIM_EXTI_Init                          0x0800229c   Section        0  tim_exti.o(i.TIM_EXTI_Init)
    i.TIM_GetITStatus                        0x080022f8   Section        0  stm32f4xx_tim.o(i.TIM_GetITStatus)
    i.TIM_ITConfig                           0x0800231a   Section        0  stm32f4xx_tim.o(i.TIM_ITConfig)
    i.TIM_TimeBaseInit                       0x0800232c   Section        0  stm32f4xx_tim.o(i.TIM_TimeBaseInit)
    i.TimingDelay_Decrement                  0x080023b0   Section        0  stm32f4xx_it.o(i.TimingDelay_Decrement)
    i.USART1_IRQHandler                      0x080023c8   Section        0  usart.o(i.USART1_IRQHandler)
    i.USART2_IRQHandler                      0x0800240c   Section        0  usart.o(i.USART2_IRQHandler)
    i.USART3_IRQHandler                      0x0800243c   Section        0  usart.o(i.USART3_IRQHandler)
    i.USART_ClearITPendingBit                0x08002594   Section        0  stm32f4xx_usart.o(i.USART_ClearITPendingBit)
    i.USART_Cmd                              0x080025b2   Section        0  stm32f4xx_usart.o(i.USART_Cmd)
    i.USART_GetFlagStatus                    0x080025ca   Section        0  stm32f4xx_usart.o(i.USART_GetFlagStatus)
    i.USART_GetITStatus                      0x080025e4   Section        0  stm32f4xx_usart.o(i.USART_GetITStatus)
    i.USART_ITConfig                         0x08002638   Section        0  stm32f4xx_usart.o(i.USART_ITConfig)
    i.USART_Init                             0x08002684   Section        0  stm32f4xx_usart.o(i.USART_Init)
    i.USART_ReceiveData                      0x08002758   Section        0  stm32f4xx_usart.o(i.USART_ReceiveData)
    i.USART_SendData                         0x08002762   Section        0  stm32f4xx_usart.o(i.USART_SendData)
    i.UsageFault_Handler                     0x0800276a   Section        0  stm32f4xx_it.o(i.UsageFault_Handler)
    i.__scatterload_copy                     0x0800276e   Section       14  handlers.o(i.__scatterload_copy)
    i.__scatterload_null                     0x0800277c   Section        2  handlers.o(i.__scatterload_null)
    i.__scatterload_zeroinit                 0x0800277e   Section       14  handlers.o(i.__scatterload_zeroinit)
    i.clear_openmv                           0x0800278c   Section        0  usart.o(i.clear_openmv)
    i.delay_ms                               0x080027bc   Section        0  delay.o(i.delay_ms)
    i.delay_us                               0x08002810   Section        0  delay.o(i.delay_us)
    i.main                                   0x08002868   Section        0  main.o(i.main)
    i.mode1_2_state_control                  0x080028e0   Section        0  main.o(i.mode1_2_state_control)
    i.mode3_state_control                    0x080029c4   Section        0  main.o(i.mode3_state_control)
    i.mode4_state_control                    0x08002b10   Section        0  main.o(i.mode4_state_control)
    .constdata                               0x08002b98   Section     8826  font.o(.constdata)
    .data                                    0x20000000   Section       13  control.o(.data)
    .data                                    0x20000010   Section        8  delay.o(.data)
    .data                                    0x20000018   Section        1  key.o(.data)
    .data                                    0x2000001a   Section        8  lcd.o(.data)
    .data                                    0x20000022   Section        5  usart.o(.data)
    .data                                    0x20000028   Section        8  main.o(.data)
    .data                                    0x20000030   Section        4  stm32f4xx_it.o(.data)
    TimingDelay                              0x20000030   Data           4  stm32f4xx_it.o(.data)
    .data                                    0x20000034   Section       16  stm32f4xx_rcc.o(.data)
    APBAHBPrescTable                         0x20000034   Data          16  stm32f4xx_rcc.o(.data)
    .bss                                     0x20000044   Section       14  lcd.o(.bss)
    .bss                                     0x20000054   Section       56  usart.o(.bss)
    STACK                                    0x20000090   Section     1024  startup_stm32f40_41xxx.o(STACK)

    Global Symbols

    Symbol Name                              Value     Ov Type        Size  Object(Section)

    BuildAttributes$$THM_ISAv4$E$P$D$K$B$S$7EM$VFPi3$EXTD16$VFPS$VFMA$PE$A:L22UL41UL21$X:L11$S22US41US21$IEEE1$IW$USESV6$~STKCKD$USESV7$~SHL$OTIME$ROPI$EBA8$MICROLIB$REQ8$PRES8$EABIv2 0x00000000   Number         0  anon$$obj.o ABSOLUTE
    __ARM_use_no_argv                        0x00000000   Number         0  main.o ABSOLUTE
    __cpp_initialize__aeabi_                  - Undefined Weak Reference
    __cxa_finalize                            - Undefined Weak Reference
    __decompress                              - Undefined Weak Reference
    _clock_init                               - Undefined Weak Reference
    _microlib_exit                            - Undefined Weak Reference
    __Vectors_Size                           0x00000188   Number         0  startup_stm32f40_41xxx.o ABSOLUTE
    __Vectors                                0x08000000   Data           4  startup_stm32f40_41xxx.o(RESET)
    __Vectors_End                            0x08000188   Data           0  startup_stm32f40_41xxx.o(RESET)
    __main                                   0x08000189   Thumb Code     0  entry.o(.ARM.Collect$$$$00000000)
    _main_stk                                0x08000189   Thumb Code     0  entry2.o(.ARM.Collect$$$$00000001)
    _main_scatterload                        0x0800018d   Thumb Code     0  entry5.o(.ARM.Collect$$$$00000004)
    __main_after_scatterload                 0x08000191   Thumb Code     0  entry5.o(.ARM.Collect$$$$00000004)
    _main_clock                              0x08000191   Thumb Code     0  entry7b.o(.ARM.Collect$$$$00000008)
    _main_cpp_init                           0x08000191   Thumb Code     0  entry8b.o(.ARM.Collect$$$$0000000A)
    _main_init                               0x08000191   Thumb Code     0  entry9a.o(.ARM.Collect$$$$0000000B)
    __rt_final_cpp                           0x08000199   Thumb Code     0  entry10a.o(.ARM.Collect$$$$0000000D)
    __rt_final_exit                          0x08000199   Thumb Code     0  entry11a.o(.ARM.Collect$$$$0000000F)
    Reset_Handler                            0x0800019d   Thumb Code     8  startup_stm32f40_41xxx.o(.text)
    ADC_IRQHandler                           0x080001b7   Thumb Code     0  startup_stm32f40_41xxx.o(.text)
    CAN1_RX0_IRQHandler                      0x080001b7   Thumb Code     0  startup_stm32f40_41xxx.o(.text)
    CAN1_RX1_IRQHandler                      0x080001b7   Thumb Code     0  startup_stm32f40_41xxx.o(.text)
    CAN1_SCE_IRQHandler                      0x080001b7   Thumb Code     0  startup_stm32f40_41xxx.o(.text)
    CAN1_TX_IRQHandler                       0x080001b7   Thumb Code     0  startup_stm32f40_41xxx.o(.text)
    CAN2_RX0_IRQHandler                      0x080001b7   Thumb Code     0  startup_stm32f40_41xxx.o(.text)
    CAN2_RX1_IRQHandler                      0x080001b7   Thumb Code     0  startup_stm32f40_41xxx.o(.text)
    CAN2_SCE_IRQHandler                      0x080001b7   Thumb Code     0  startup_stm32f40_41xxx.o(.text)
    CAN2_TX_IRQHandler                       0x080001b7   Thumb Code     0  startup_stm32f40_41xxx.o(.text)
    CRYP_IRQHandler                          0x080001b7   Thumb Code     0  startup_stm32f40_41xxx.o(.text)
    DCMI_IRQHandler                          0x080001b7   Thumb Code     0  startup_stm32f40_41xxx.o(.text)
    DMA1_Stream0_IRQHandler                  0x080001b7   Thumb Code     0  startup_stm32f40_41xxx.o(.text)
    DMA1_Stream1_IRQHandler                  0x080001b7   Thumb Code     0  startup_stm32f40_41xxx.o(.text)
    DMA1_Stream2_IRQHandler                  0x080001b7   Thumb Code     0  startup_stm32f40_41xxx.o(.text)
    DMA1_Stream3_IRQHandler                  0x080001b7   Thumb Code     0  startup_stm32f40_41xxx.o(.text)
    DMA1_Stream4_IRQHandler                  0x080001b7   Thumb Code     0  startup_stm32f40_41xxx.o(.text)
    DMA1_Stream5_IRQHandler                  0x080001b7   Thumb Code     0  startup_stm32f40_41xxx.o(.text)
    DMA1_Stream6_IRQHandler                  0x080001b7   Thumb Code     0  startup_stm32f40_41xxx.o(.text)
    DMA1_Stream7_IRQHandler                  0x080001b7   Thumb Code     0  startup_stm32f40_41xxx.o(.text)
    DMA2_Stream0_IRQHandler                  0x080001b7   Thumb Code     0  startup_stm32f40_41xxx.o(.text)
    DMA2_Stream1_IRQHandler                  0x080001b7   Thumb Code     0  startup_stm32f40_41xxx.o(.text)
    DMA2_Stream2_IRQHandler                  0x080001b7   Thumb Code     0  startup_stm32f40_41xxx.o(.text)
    DMA2_Stream3_IRQHandler                  0x080001b7   Thumb Code     0  startup_stm32f40_41xxx.o(.text)
    DMA2_Stream4_IRQHandler                  0x080001b7   Thumb Code     0  startup_stm32f40_41xxx.o(.text)
    DMA2_Stream5_IRQHandler                  0x080001b7   Thumb Code     0  startup_stm32f40_41xxx.o(.text)
    DMA2_Stream6_IRQHandler                  0x080001b7   Thumb Code     0  startup_stm32f40_41xxx.o(.text)
    DMA2_Stream7_IRQHandler                  0x080001b7   Thumb Code     0  startup_stm32f40_41xxx.o(.text)
    ETH_IRQHandler                           0x080001b7   Thumb Code     0  startup_stm32f40_41xxx.o(.text)
    ETH_WKUP_IRQHandler                      0x080001b7   Thumb Code     0  startup_stm32f40_41xxx.o(.text)
    EXTI0_IRQHandler                         0x080001b7   Thumb Code     0  startup_stm32f40_41xxx.o(.text)
    EXTI15_10_IRQHandler                     0x080001b7   Thumb Code     0  startup_stm32f40_41xxx.o(.text)
    EXTI1_IRQHandler                         0x080001b7   Thumb Code     0  startup_stm32f40_41xxx.o(.text)
    EXTI2_IRQHandler                         0x080001b7   Thumb Code     0  startup_stm32f40_41xxx.o(.text)
    EXTI3_IRQHandler                         0x080001b7   Thumb Code     0  startup_stm32f40_41xxx.o(.text)
    EXTI4_IRQHandler                         0x080001b7   Thumb Code     0  startup_stm32f40_41xxx.o(.text)
    FLASH_IRQHandler                         0x080001b7   Thumb Code     0  startup_stm32f40_41xxx.o(.text)
    FPU_IRQHandler                           0x080001b7   Thumb Code     0  startup_stm32f40_41xxx.o(.text)
    FSMC_IRQHandler                          0x080001b7   Thumb Code     0  startup_stm32f40_41xxx.o(.text)
    HASH_RNG_IRQHandler                      0x080001b7   Thumb Code     0  startup_stm32f40_41xxx.o(.text)
    I2C1_ER_IRQHandler                       0x080001b7   Thumb Code     0  startup_stm32f40_41xxx.o(.text)
    I2C1_EV_IRQHandler                       0x080001b7   Thumb Code     0  startup_stm32f40_41xxx.o(.text)
    I2C2_ER_IRQHandler                       0x080001b7   Thumb Code     0  startup_stm32f40_41xxx.o(.text)
    I2C2_EV_IRQHandler                       0x080001b7   Thumb Code     0  startup_stm32f40_41xxx.o(.text)
    I2C3_ER_IRQHandler                       0x080001b7   Thumb Code     0  startup_stm32f40_41xxx.o(.text)
    I2C3_EV_IRQHandler                       0x080001b7   Thumb Code     0  startup_stm32f40_41xxx.o(.text)
    OTG_FS_IRQHandler                        0x080001b7   Thumb Code     0  startup_stm32f40_41xxx.o(.text)
    OTG_FS_WKUP_IRQHandler                   0x080001b7   Thumb Code     0  startup_stm32f40_41xxx.o(.text)
    OTG_HS_EP1_IN_IRQHandler                 0x080001b7   Thumb Code     0  startup_stm32f40_41xxx.o(.text)
    OTG_HS_EP1_OUT_IRQHandler                0x080001b7   Thumb Code     0  startup_stm32f40_41xxx.o(.text)
    OTG_HS_IRQHandler                        0x080001b7   Thumb Code     0  startup_stm32f40_41xxx.o(.text)
    OTG_HS_WKUP_IRQHandler                   0x080001b7   Thumb Code     0  startup_stm32f40_41xxx.o(.text)
    PVD_IRQHandler                           0x080001b7   Thumb Code     0  startup_stm32f40_41xxx.o(.text)
    RCC_IRQHandler                           0x080001b7   Thumb Code     0  startup_stm32f40_41xxx.o(.text)
    RTC_Alarm_IRQHandler                     0x080001b7   Thumb Code     0  startup_stm32f40_41xxx.o(.text)
    RTC_WKUP_IRQHandler                      0x080001b7   Thumb Code     0  startup_stm32f40_41xxx.o(.text)
    SDIO_IRQHandler                          0x080001b7   Thumb Code     0  startup_stm32f40_41xxx.o(.text)
    SPI1_IRQHandler                          0x080001b7   Thumb Code     0  startup_stm32f40_41xxx.o(.text)
    SPI2_IRQHandler                          0x080001b7   Thumb Code     0  startup_stm32f40_41xxx.o(.text)
    SPI3_IRQHandler                          0x080001b7   Thumb Code     0  startup_stm32f40_41xxx.o(.text)
    TAMP_STAMP_IRQHandler                    0x080001b7   Thumb Code     0  startup_stm32f40_41xxx.o(.text)
    TIM1_BRK_TIM9_IRQHandler                 0x080001b7   Thumb Code     0  startup_stm32f40_41xxx.o(.text)
    TIM1_CC_IRQHandler                       0x080001b7   Thumb Code     0  startup_stm32f40_41xxx.o(.text)
    TIM1_TRG_COM_TIM11_IRQHandler            0x080001b7   Thumb Code     0  startup_stm32f40_41xxx.o(.text)
    TIM1_UP_TIM10_IRQHandler                 0x080001b7   Thumb Code     0  startup_stm32f40_41xxx.o(.text)
    TIM5_IRQHandler                          0x080001b7   Thumb Code     0  startup_stm32f40_41xxx.o(.text)
    TIM6_DAC_IRQHandler                      0x080001b7   Thumb Code     0  startup_stm32f40_41xxx.o(.text)
    TIM7_IRQHandler                          0x080001b7   Thumb Code     0  startup_stm32f40_41xxx.o(.text)
    TIM8_BRK_TIM12_IRQHandler                0x080001b7   Thumb Code     0  startup_stm32f40_41xxx.o(.text)
    TIM8_CC_IRQHandler                       0x080001b7   Thumb Code     0  startup_stm32f40_41xxx.o(.text)
    TIM8_TRG_COM_TIM14_IRQHandler            0x080001b7   Thumb Code     0  startup_stm32f40_41xxx.o(.text)
    TIM8_UP_TIM13_IRQHandler                 0x080001b7   Thumb Code     0  startup_stm32f40_41xxx.o(.text)
    UART4_IRQHandler                         0x080001b7   Thumb Code     0  startup_stm32f40_41xxx.o(.text)
    UART5_IRQHandler                         0x080001b7   Thumb Code     0  startup_stm32f40_41xxx.o(.text)
    USART6_IRQHandler                        0x080001b7   Thumb Code     0  startup_stm32f40_41xxx.o(.text)
    WWDG_IRQHandler                          0x080001b7   Thumb Code     0  startup_stm32f40_41xxx.o(.text)
    __scatterload                            0x080001c1   Thumb Code    28  init.o(.text)
    __scatterload_rt2                        0x080001c1   Thumb Code     0  init.o(.text)
    BSP_Init                                 0x080001e5   Thumb Code    58  main.o(i.BSP_Init)
    BusFault_Handler                         0x08000225   Thumb Code     4  stm32f4xx_it.o(i.BusFault_Handler)
    Chess_Steps_Init                         0x08000229   Thumb Code    10  control.o(i.Chess_Steps_Init)
    Control_Init                             0x08000235   Thumb Code   100  control.o(i.Control_Init)
    DebugMon_Handler                         0x080002a1   Thumb Code     2  stm32f4xx_it.o(i.DebugMon_Handler)
    Delay_Init                               0x080002a5   Thumb Code   120  delay.o(i.Delay_Init)
    Driver_Control_Enable_or_Disable         0x0800032d   Thumb Code   122  control.o(i.Driver_Control_Enable_or_Disable)
    EXTI9_5_IRQHandler                       0x080003b1   Thumb Code  1568  key.o(i.EXTI9_5_IRQHandler)
    EXTIX_Init                               0x080009e5   Thumb Code   210  key.o(i.EXTIX_Init)
    EXTI_ClearITPendingBit                   0x08000ab9   Thumb Code     6  stm32f4xx_exti.o(i.EXTI_ClearITPendingBit)
    EXTI_GetFlagStatus                       0x08000ac5   Thumb Code    20  stm32f4xx_exti.o(i.EXTI_GetFlagStatus)
    EXTI_Init                                0x08000add   Thumb Code   142  stm32f4xx_exti.o(i.EXTI_Init)
    FSMC_NORSRAMCmd                          0x08000b71   Thumb Code    46  stm32f4xx_fsmc.o(i.FSMC_NORSRAMCmd)
    FSMC_NORSRAMInit                         0x08000ba5   Thumb Code   282  stm32f4xx_fsmc.o(i.FSMC_NORSRAMInit)
    GPIO_GIVE                                0x08000cc9   Thumb Code    36  key.o(i.GPIO_GIVE)
    GPIO_Init                                0x08000cf1   Thumb Code   144  stm32f4xx_gpio.o(i.GPIO_Init)
    GPIO_PinAFConfig                         0x08000d81   Thumb Code    70  stm32f4xx_gpio.o(i.GPIO_PinAFConfig)
    GPIO_ReadInputDataBit                    0x08000dc7   Thumb Code    18  stm32f4xx_gpio.o(i.GPIO_ReadInputDataBit)
    GPIO_ResetBits                           0x08000dd9   Thumb Code     4  stm32f4xx_gpio.o(i.GPIO_ResetBits)
    GPIO_SET                                 0x08000ddd   Thumb Code   220  key.o(i.GPIO_SET)
    GPIO_SetBits                             0x08000ec1   Thumb Code     4  stm32f4xx_gpio.o(i.GPIO_SetBits)
    GPIO_ToggleBits                          0x08000ec5   Thumb Code     8  stm32f4xx_gpio.o(i.GPIO_ToggleBits)
    GPIO_WriteBit                            0x08000ecd   Thumb Code    10  stm32f4xx_gpio.o(i.GPIO_WriteBit)
    Go_to_designed_location_reset            0x08000ed9   Thumb Code    94  control.o(i.Go_to_designed_location_reset)
    HardFault_Handler                        0x08000f3d   Thumb Code     4  stm32f4xx_it.o(i.HardFault_Handler)
    LCD_Clear                                0x08000f41   Thumb Code    60  lcd.o(i.LCD_Clear)
    LCD_Display_Dir                          0x08000f85   Thumb Code   184  lcd.o(i.LCD_Display_Dir)
    LCD_Fast_DrawPoint                       0x08001041   Thumb Code    76  lcd.o(i.LCD_Fast_DrawPoint)
    LCD_Init                                 0x08001095   Thumb Code  1262  lcd.o(i.LCD_Init)
    LCD_Pow                                  0x08001589   Thumb Code    22  lcd.o(i.LCD_Pow)
    LCD_RD_DATA                              0x080015a1   Thumb Code    14  lcd.o(i.LCD_RD_DATA)
    LCD_ReadReg                              0x080015b5   Thumb Code    22  lcd.o(i.LCD_ReadReg)
    LCD_Scan_Dir                             0x080015cd   Thumb Code   186  lcd.o(i.LCD_Scan_Dir)
    LCD_SetCursor                            0x0800168d   Thumb Code    60  lcd.o(i.LCD_SetCursor)
    LCD_Set_Window                           0x080016cd   Thumb Code    96  lcd.o(i.LCD_Set_Window)
    LCD_ShowChar                             0x08001731   Thumb Code   270  lcd.o(i.LCD_ShowChar)
    LCD_ShowNum                              0x08001855   Thumb Code   152  lcd.o(i.LCD_ShowNum)
    LCD_ShowString                           0x080018ed   Thumb Code   106  lcd.o(i.LCD_ShowString)
    LCD_WR_DATA                              0x08001959   Thumb Code     6  lcd.o(i.LCD_WR_DATA)
    LCD_WR_REG                               0x08001965   Thumb Code     6  lcd.o(i.LCD_WR_REG)
    LCD_WriteRAM_Prepare                     0x08001971   Thumb Code    10  lcd.o(i.LCD_WriteRAM_Prepare)
    LCD_WriteReg                             0x08001985   Thumb Code    14  lcd.o(i.LCD_WriteReg)
    LED_Init                                 0x08001999   Thumb Code    48  led.o(i.LED_Init)
    MemManage_Handler                        0x080019cd   Thumb Code     4  stm32f4xx_it.o(i.MemManage_Handler)
    Mode_Select                              0x080019d1   Thumb Code   168  main.o(i.Mode_Select)
    Motor_Arrive_designed_location           0x08001a89   Thumb Code    50  control.o(i.Motor_Arrive_designed_location)
    NMI_Handler                              0x08001ac1   Thumb Code     2  stm32f4xx_it.o(i.NMI_Handler)
    NVIC_Init                                0x08001ac5   Thumb Code   106  misc.o(i.NVIC_Init)
    NVIC_PriorityGroupConfig                 0x08001b3d   Thumb Code    10  misc.o(i.NVIC_PriorityGroupConfig)
    Order_Stretch_chess                      0x08001b51   Thumb Code   262  control.o(i.Order_Stretch_chess)
    PendSV_Handler                           0x08001c61   Thumb Code     2  stm32f4xx_it.o(i.PendSV_Handler)
    RCC_AHB1PeriphClockCmd                   0x08001c65   Thumb Code    26  stm32f4xx_rcc.o(i.RCC_AHB1PeriphClockCmd)
    RCC_AHB3PeriphClockCmd                   0x08001c85   Thumb Code    26  stm32f4xx_rcc.o(i.RCC_AHB3PeriphClockCmd)
    RCC_APB1PeriphClockCmd                   0x08001ca5   Thumb Code    26  stm32f4xx_rcc.o(i.RCC_APB1PeriphClockCmd)
    RCC_APB2PeriphClockCmd                   0x08001cc5   Thumb Code    26  stm32f4xx_rcc.o(i.RCC_APB2PeriphClockCmd)
    RCC_GetClocksFreq                        0x08001ce5   Thumb Code   214  stm32f4xx_rcc.o(i.RCC_GetClocksFreq)
    SVC_Handler                              0x08001dcd   Thumb Code     2  stm32f4xx_it.o(i.SVC_Handler)
    SYSCFG_EXTILineConfig                    0x08001dd1   Thumb Code    60  stm32f4xx_syscfg.o(i.SYSCFG_EXTILineConfig)
    Send_code_to_openmv                      0x08001e11   Thumb Code    30  usart.o(i.Send_code_to_openmv)
    Serial3_Init                             0x08001e35   Thumb Code   164  usart.o(i.Serial3_Init)
    Serial_SendByte                          0x08001ee1   Thumb Code    30  usart.o(i.Serial_SendByte)
    Stepper_Move                             0x08001fed   Thumb Code   142  control.o(i.Stepper_Move)
    Stretch_ON_OR_OFF                        0x0800208d   Thumb Code    26  control.o(i.Stretch_ON_OR_OFF)
    Stretch_chess                            0x080020ad   Thumb Code   166  control.o(i.Stretch_chess)
    SysTick_Handler                          0x0800215d   Thumb Code     8  stm32f4xx_it.o(i.SysTick_Handler)
    SystemInit                               0x08002165   Thumb Code    88  system_stm32f4xx.o(i.SystemInit)
    TIM2_IRQHandler                          0x080021cd   Thumb Code    22  encoder.o(i.TIM2_IRQHandler)
    TIM3_IRQHandler                          0x080021e5   Thumb Code    22  encoder.o(i.TIM3_IRQHandler)
    TIM4_IRQHandler                          0x08002201   Thumb Code   104  control.o(i.TIM4_IRQHandler)
    TIM_ClearITPendingBit                    0x0800227d   Thumb Code     6  stm32f4xx_tim.o(i.TIM_ClearITPendingBit)
    TIM_Cmd                                  0x08002283   Thumb Code    24  stm32f4xx_tim.o(i.TIM_Cmd)
    TIM_EXTI_Init                            0x0800229d   Thumb Code    88  tim_exti.o(i.TIM_EXTI_Init)
    TIM_GetITStatus                          0x080022f9   Thumb Code    34  stm32f4xx_tim.o(i.TIM_GetITStatus)
    TIM_ITConfig                             0x0800231b   Thumb Code    18  stm32f4xx_tim.o(i.TIM_ITConfig)
    TIM_TimeBaseInit                         0x0800232d   Thumb Code   104  stm32f4xx_tim.o(i.TIM_TimeBaseInit)
    TimingDelay_Decrement                    0x080023b1   Thumb Code    18  stm32f4xx_it.o(i.TimingDelay_Decrement)
    USART1_IRQHandler                        0x080023c9   Thumb Code    54  usart.o(i.USART1_IRQHandler)
    USART2_IRQHandler                        0x0800240d   Thumb Code    38  usart.o(i.USART2_IRQHandler)
    USART3_IRQHandler                        0x0800243d   Thumb Code   324  usart.o(i.USART3_IRQHandler)
    USART_ClearITPendingBit                  0x08002595   Thumb Code    30  stm32f4xx_usart.o(i.USART_ClearITPendingBit)
    USART_Cmd                                0x080025b3   Thumb Code    24  stm32f4xx_usart.o(i.USART_Cmd)
    USART_GetFlagStatus                      0x080025cb   Thumb Code    26  stm32f4xx_usart.o(i.USART_GetFlagStatus)
    USART_GetITStatus                        0x080025e5   Thumb Code    84  stm32f4xx_usart.o(i.USART_GetITStatus)
    USART_ITConfig                           0x08002639   Thumb Code    74  stm32f4xx_usart.o(i.USART_ITConfig)
    USART_Init                               0x08002685   Thumb Code   204  stm32f4xx_usart.o(i.USART_Init)
    USART_ReceiveData                        0x08002759   Thumb Code    10  stm32f4xx_usart.o(i.USART_ReceiveData)
    USART_SendData                           0x08002763   Thumb Code     8  stm32f4xx_usart.o(i.USART_SendData)
    UsageFault_Handler                       0x0800276b   Thumb Code     4  stm32f4xx_it.o(i.UsageFault_Handler)
    __scatterload_copy                       0x0800276f   Thumb Code    14  handlers.o(i.__scatterload_copy)
    __scatterload_null                       0x0800277d   Thumb Code     2  handlers.o(i.__scatterload_null)
    __scatterload_zeroinit                   0x0800277f   Thumb Code    14  handlers.o(i.__scatterload_zeroinit)
    clear_openmv                             0x0800278d   Thumb Code    40  usart.o(i.clear_openmv)
    delay_ms                                 0x080027bd   Thumb Code    78  delay.o(i.delay_ms)
    delay_us                                 0x08002811   Thumb Code    80  delay.o(i.delay_us)
    main                                     0x08002869   Thumb Code    86  main.o(i.main)
    mode1_2_state_control                    0x080028e1   Thumb Code   224  main.o(i.mode1_2_state_control)
    mode3_state_control                      0x080029c5   Thumb Code   312  main.o(i.mode3_state_control)
    mode4_state_control                      0x08002b11   Thumb Code   126  main.o(i.mode4_state_control)
    asc2_1206                                0x08002b98   Data        1140  font.o(.constdata)
    asc2_1608                                0x0800300c   Data        1520  font.o(.constdata)
    asc2_2412                                0x080035fc   Data        3420  font.o(.constdata)
    hz16                                     0x08004358   Data        2006  font.o(.constdata)
    hz24                                     0x08004b2e   Data         740  font.o(.constdata)
    Region$$Table$$Base                      0x08004e14   Number         0  anon$$obj.o(Region$$Table)
    Region$$Table$$Limit                     0x08004e34   Number         0  anon$$obj.o(Region$$Table)
    mode_select                              0x20000000   Data           1  control.o(.data)
    current_state                            0x20000004   Data           4  control.o(.data)
    remaining_steps                          0x20000008   Data           2  control.o(.data)
    judge_chess_code                         0x2000000a   Data           1  control.o(.data)
    judge_chess_code_black                   0x2000000b   Data           1  control.o(.data)
    sure_key                                 0x2000000c   Data           1  control.o(.data)
    per_us                                   0x20000010   Data           1  delay.o(.data)
    per_ms                                   0x20000014   Data           4  delay.o(.data)
    flag_key                                 0x20000018   Data           1  key.o(.data)
    POINT_COLOR                              0x2000001a   Data           2  lcd.o(.data)
    BACK_COLOR                               0x2000001c   Data           2  lcd.o(.data)
    D_Color                                  0x2000001e   Data           2  lcd.o(.data)
    B_Color                                  0x20000020   Data           2  lcd.o(.data)
    Serial1_RxData                           0x20000022   Data           1  usart.o(.data)
    Serial2_RxData                           0x20000023   Data           1  usart.o(.data)
    Serial3_RxData                           0x20000024   Data           1  usart.o(.data)
    i                                        0x20000025   Data           1  usart.o(.data)
    flag                                     0x20000026   Data           1  usart.o(.data)
    chess_step                               0x20000028   Data           8  main.o(.data)
    lcddev                                   0x20000044   Data          14  lcd.o(.bss)
    openmv                                   0x20000054   Data          28  usart.o(.bss)
    openmv_2                                 0x20000070   Data          28  usart.o(.bss)
    __initial_sp                             0x20000490   Data           0  startup_stm32f40_41xxx.o(STACK)



==============================================================================

Memory Map of the image

  Image Entry point : 0x08000189

  Load Region LR_IROM1 (Base: 0x08000000, Size: 0x00004e78, Max: 0x00100000, ABSOLUTE)

    Execution Region ER_IROM1 (Exec base: 0x08000000, Load base: 0x08000000, Size: 0x00004e34, Max: 0x00100000, ABSOLUTE)

    Exec Addr    Load Addr    Size         Type   Attr      Idx    E Section Name        Object

    0x08000000   0x08000000   0x00000188   Data   RO            3    RESET               startup_stm32f40_41xxx.o
    0x08000188   0x08000188   0x00000000   Code   RO         6507  * .ARM.Collect$$$$00000000  mc_w.l(entry.o)
    0x08000188   0x08000188   0x00000004   Code   RO         6518    .ARM.Collect$$$$00000001  mc_w.l(entry2.o)
    0x0800018c   0x0800018c   0x00000004   Code   RO         6521    .ARM.Collect$$$$00000004  mc_w.l(entry5.o)
    0x08000190   0x08000190   0x00000000   Code   RO         6523    .ARM.Collect$$$$00000008  mc_w.l(entry7b.o)
    0x08000190   0x08000190   0x00000000   Code   RO         6525    .ARM.Collect$$$$0000000A  mc_w.l(entry8b.o)
    0x08000190   0x08000190   0x00000008   Code   RO         6526    .ARM.Collect$$$$0000000B  mc_w.l(entry9a.o)
    0x08000198   0x08000198   0x00000000   Code   RO         6528    .ARM.Collect$$$$0000000D  mc_w.l(entry10a.o)
    0x08000198   0x08000198   0x00000000   Code   RO         6530    .ARM.Collect$$$$0000000F  mc_w.l(entry11a.o)
    0x08000198   0x08000198   0x00000004   Code   RO         6519    .ARM.Collect$$$$00002712  mc_w.l(entry2.o)
    0x0800019c   0x0800019c   0x00000024   Code   RO            4    .text               startup_stm32f40_41xxx.o
    0x080001c0   0x080001c0   0x00000024   Code   RO         6541    .text               mc_w.l(init.o)
    0x080001e4   0x080001e4   0x00000040   Code   RO         1354    i.BSP_Init          main.o
    0x08000224   0x08000224   0x00000004   Code   RO         1422    i.BusFault_Handler  stm32f4xx_it.o
    0x08000228   0x08000228   0x0000000a   Code   RO          221    i.Chess_Steps_Init  control.o
    0x08000232   0x08000232   0x00000002   PAD
    0x08000234   0x08000234   0x0000006c   Code   RO          222    i.Control_Init      control.o
    0x080002a0   0x080002a0   0x00000002   Code   RO         1423    i.DebugMon_Handler  stm32f4xx_it.o
    0x080002a2   0x080002a2   0x00000002   PAD
    0x080002a4   0x080002a4   0x00000088   Code   RO          363    i.Delay_Init        delay.o
    0x0800032c   0x0800032c   0x00000084   Code   RO          223    i.Driver_Control_Enable_or_Disable  control.o
    0x080003b0   0x080003b0   0x00000634   Code   RO          488    i.EXTI9_5_IRQHandler  key.o
    0x080009e4   0x080009e4   0x000000d2   Code   RO          489    i.EXTIX_Init        key.o
    0x08000ab6   0x08000ab6   0x00000002   PAD
    0x08000ab8   0x08000ab8   0x0000000c   Code   RO         2867    i.EXTI_ClearITPendingBit  stm32f4xx_exti.o
    0x08000ac4   0x08000ac4   0x00000018   Code   RO         2870    i.EXTI_GetFlagStatus  stm32f4xx_exti.o
    0x08000adc   0x08000adc   0x00000094   Code   RO         2872    i.EXTI_Init         stm32f4xx_exti.o
    0x08000b70   0x08000b70   0x00000034   Code   RO         3255    i.FSMC_NORSRAMCmd   stm32f4xx_fsmc.o
    0x08000ba4   0x08000ba4   0x00000124   Code   RO         3257    i.FSMC_NORSRAMInit  stm32f4xx_fsmc.o
    0x08000cc8   0x08000cc8   0x00000028   Code   RO          490    i.GPIO_GIVE         key.o
    0x08000cf0   0x08000cf0   0x00000090   Code   RO         3380    i.GPIO_Init         stm32f4xx_gpio.o
    0x08000d80   0x08000d80   0x00000046   Code   RO         3381    i.GPIO_PinAFConfig  stm32f4xx_gpio.o
    0x08000dc6   0x08000dc6   0x00000012   Code   RO         3384    i.GPIO_ReadInputDataBit  stm32f4xx_gpio.o
    0x08000dd8   0x08000dd8   0x00000004   Code   RO         3387    i.GPIO_ResetBits    stm32f4xx_gpio.o
    0x08000ddc   0x08000ddc   0x000000e4   Code   RO          491    i.GPIO_SET          key.o
    0x08000ec0   0x08000ec0   0x00000004   Code   RO         3388    i.GPIO_SetBits      stm32f4xx_gpio.o
    0x08000ec4   0x08000ec4   0x00000008   Code   RO         3390    i.GPIO_ToggleBits   stm32f4xx_gpio.o
    0x08000ecc   0x08000ecc   0x0000000a   Code   RO         3392    i.GPIO_WriteBit     stm32f4xx_gpio.o
    0x08000ed6   0x08000ed6   0x00000002   PAD
    0x08000ed8   0x08000ed8   0x00000064   Code   RO          224    i.Go_to_designed_location_reset  control.o
    0x08000f3c   0x08000f3c   0x00000004   Code   RO         1424    i.HardFault_Handler  stm32f4xx_it.o
    0x08000f40   0x08000f40   0x00000044   Code   RO          548    i.LCD_Clear         lcd.o
    0x08000f84   0x08000f84   0x000000bc   Code   RO          552    i.LCD_Display_Dir   lcd.o
    0x08001040   0x08001040   0x00000054   Code   RO          557    i.LCD_Fast_DrawPoint  lcd.o
    0x08001094   0x08001094   0x000004f4   Code   RO          559    i.LCD_Init          lcd.o
    0x08001588   0x08001588   0x00000016   Code   RO          560    i.LCD_Pow           lcd.o
    0x0800159e   0x0800159e   0x00000002   PAD
    0x080015a0   0x080015a0   0x00000014   Code   RO          561    i.LCD_RD_DATA       lcd.o
    0x080015b4   0x080015b4   0x00000016   Code   RO          563    i.LCD_ReadReg       lcd.o
    0x080015ca   0x080015ca   0x00000002   PAD
    0x080015cc   0x080015cc   0x000000c0   Code   RO          564    i.LCD_Scan_Dir      lcd.o
    0x0800168c   0x0800168c   0x00000040   Code   RO          565    i.LCD_SetCursor     lcd.o
    0x080016cc   0x080016cc   0x00000064   Code   RO          566    i.LCD_Set_Window    lcd.o
    0x08001730   0x08001730   0x00000124   Code   RO          567    i.LCD_ShowChar      lcd.o
    0x08001854   0x08001854   0x00000098   Code   RO          568    i.LCD_ShowNum       lcd.o
    0x080018ec   0x080018ec   0x0000006a   Code   RO          569    i.LCD_ShowString    lcd.o
    0x08001956   0x08001956   0x00000002   PAD
    0x08001958   0x08001958   0x0000000c   Code   RO          571    i.LCD_WR_DATA       lcd.o
    0x08001964   0x08001964   0x0000000c   Code   RO          572    i.LCD_WR_REG        lcd.o
    0x08001970   0x08001970   0x00000014   Code   RO          574    i.LCD_WriteRAM_Prepare  lcd.o
    0x08001984   0x08001984   0x00000014   Code   RO          575    i.LCD_WriteReg      lcd.o
    0x08001998   0x08001998   0x00000034   Code   RO          789    i.LED_Init          led.o
    0x080019cc   0x080019cc   0x00000004   Code   RO         1425    i.MemManage_Handler  stm32f4xx_it.o
    0x080019d0   0x080019d0   0x000000b8   Code   RO         1355    i.Mode_Select       main.o
    0x08001a88   0x08001a88   0x00000038   Code   RO          225    i.Motor_Arrive_designed_location  control.o
    0x08001ac0   0x08001ac0   0x00000002   Code   RO         1426    i.NMI_Handler       stm32f4xx_it.o
    0x08001ac2   0x08001ac2   0x00000002   PAD
    0x08001ac4   0x08001ac4   0x00000078   Code   RO         1505    i.NVIC_Init         misc.o
    0x08001b3c   0x08001b3c   0x00000014   Code   RO         1506    i.NVIC_PriorityGroupConfig  misc.o
    0x08001b50   0x08001b50   0x00000110   Code   RO          227    i.Order_Stretch_chess  control.o
    0x08001c60   0x08001c60   0x00000002   Code   RO         1427    i.PendSV_Handler    stm32f4xx_it.o
    0x08001c62   0x08001c62   0x00000002   PAD
    0x08001c64   0x08001c64   0x00000020   Code   RO         4306    i.RCC_AHB1PeriphClockCmd  stm32f4xx_rcc.o
    0x08001c84   0x08001c84   0x00000020   Code   RO         4312    i.RCC_AHB3PeriphClockCmd  stm32f4xx_rcc.o
    0x08001ca4   0x08001ca4   0x00000020   Code   RO         4315    i.RCC_APB1PeriphClockCmd  stm32f4xx_rcc.o
    0x08001cc4   0x08001cc4   0x00000020   Code   RO         4318    i.RCC_APB2PeriphClockCmd  stm32f4xx_rcc.o
    0x08001ce4   0x08001ce4   0x000000e8   Code   RO         4327    i.RCC_GetClocksFreq  stm32f4xx_rcc.o
    0x08001dcc   0x08001dcc   0x00000002   Code   RO         1428    i.SVC_Handler       stm32f4xx_it.o
    0x08001dce   0x08001dce   0x00000002   PAD
    0x08001dd0   0x08001dd0   0x00000040   Code   RO         5629    i.SYSCFG_EXTILineConfig  stm32f4xx_syscfg.o
    0x08001e10   0x08001e10   0x00000024   Code   RO         1002    i.Send_code_to_openmv  usart.o
    0x08001e34   0x08001e34   0x000000ac   Code   RO         1004    i.Serial3_Init      usart.o
    0x08001ee0   0x08001ee0   0x0000001e   Code   RO         1006    i.Serial_SendByte   usart.o
    0x08001efe   0x08001efe   0x00000002   PAD
    0x08001f00   0x08001f00   0x000000ec   Code   RO         1291    i.SetSysClock       system_stm32f4xx.o
    0x08001fec   0x08001fec   0x000000a0   Code   RO          229    i.Stepper_Move      control.o
    0x0800208c   0x0800208c   0x00000020   Code   RO          230    i.Stretch_ON_OR_OFF  control.o
    0x080020ac   0x080020ac   0x000000b0   Code   RO          231    i.Stretch_chess     control.o
    0x0800215c   0x0800215c   0x00000008   Code   RO         1429    i.SysTick_Handler   stm32f4xx_it.o
    0x08002164   0x08002164   0x00000068   Code   RO         1293    i.SystemInit        system_stm32f4xx.o
    0x080021cc   0x080021cc   0x00000016   Code   RO          414    i.TIM2_IRQHandler   encoder.o
    0x080021e2   0x080021e2   0x00000002   PAD
    0x080021e4   0x080021e4   0x0000001c   Code   RO          416    i.TIM3_IRQHandler   encoder.o
    0x08002200   0x08002200   0x0000007c   Code   RO          232    i.TIM4_IRQHandler   control.o
    0x0800227c   0x0800227c   0x00000006   Code   RO         5697    i.TIM_ClearITPendingBit  stm32f4xx_tim.o
    0x08002282   0x08002282   0x00000018   Code   RO         5702    i.TIM_Cmd           stm32f4xx_tim.o
    0x0800229a   0x0800229a   0x00000002   PAD
    0x0800229c   0x0800229c   0x0000005c   Code   RO          971    i.TIM_EXTI_Init     tim_exti.o
    0x080022f8   0x080022f8   0x00000022   Code   RO         5723    i.TIM_GetITStatus   stm32f4xx_tim.o
    0x0800231a   0x0800231a   0x00000012   Code   RO         5727    i.TIM_ITConfig      stm32f4xx_tim.o
    0x0800232c   0x0800232c   0x00000084   Code   RO         5774    i.TIM_TimeBaseInit  stm32f4xx_tim.o
    0x080023b0   0x080023b0   0x00000018   Code   RO         1430    i.TimingDelay_Decrement  stm32f4xx_it.o
    0x080023c8   0x080023c8   0x00000044   Code   RO         1007    i.USART1_IRQHandler  usart.o
    0x0800240c   0x0800240c   0x00000030   Code   RO         1008    i.USART2_IRQHandler  usart.o
    0x0800243c   0x0800243c   0x00000158   Code   RO         1009    i.USART3_IRQHandler  usart.o
    0x08002594   0x08002594   0x0000001e   Code   RO         6253    i.USART_ClearITPendingBit  stm32f4xx_usart.o
    0x080025b2   0x080025b2   0x00000018   Code   RO         6256    i.USART_Cmd         stm32f4xx_usart.o
    0x080025ca   0x080025ca   0x0000001a   Code   RO         6259    i.USART_GetFlagStatus  stm32f4xx_usart.o
    0x080025e4   0x080025e4   0x00000054   Code   RO         6260    i.USART_GetITStatus  stm32f4xx_usart.o
    0x08002638   0x08002638   0x0000004a   Code   RO         6262    i.USART_ITConfig    stm32f4xx_usart.o
    0x08002682   0x08002682   0x00000002   PAD
    0x08002684   0x08002684   0x000000d4   Code   RO         6263    i.USART_Init        stm32f4xx_usart.o
    0x08002758   0x08002758   0x0000000a   Code   RO         6270    i.USART_ReceiveData  stm32f4xx_usart.o
    0x08002762   0x08002762   0x00000008   Code   RO         6273    i.USART_SendData    stm32f4xx_usart.o
    0x0800276a   0x0800276a   0x00000004   Code   RO         1431    i.UsageFault_Handler  stm32f4xx_it.o
    0x0800276e   0x0800276e   0x0000000e   Code   RO         6547    i.__scatterload_copy  mc_w.l(handlers.o)
    0x0800277c   0x0800277c   0x00000002   Code   RO         6548    i.__scatterload_null  mc_w.l(handlers.o)
    0x0800277e   0x0800277e   0x0000000e   Code   RO         6549    i.__scatterload_zeroinit  mc_w.l(handlers.o)
    0x0800278c   0x0800278c   0x00000030   Code   RO         1010    i.clear_openmv      usart.o
    0x080027bc   0x080027bc   0x00000054   Code   RO          364    i.delay_ms          delay.o
    0x08002810   0x08002810   0x00000058   Code   RO          365    i.delay_us          delay.o
    0x08002868   0x08002868   0x00000078   Code   RO         1356    i.main              main.o
    0x080028e0   0x080028e0   0x000000e4   Code   RO         1357    i.mode1_2_state_control  main.o
    0x080029c4   0x080029c4   0x0000014c   Code   RO         1358    i.mode3_state_control  main.o
    0x08002b10   0x08002b10   0x00000088   Code   RO         1359    i.mode4_state_control  main.o
    0x08002b98   0x08002b98   0x0000227a   Data   RO         1087    .constdata          font.o
    0x08004e12   0x08004e12   0x00000002   PAD
    0x08004e14   0x08004e14   0x00000020   Data   RO         6545    Region$$Table       anon$$obj.o


    Execution Region RW_IRAM1 (Exec base: 0x20000000, Load base: 0x08004e34, Size: 0x00000490, Max: 0x00020000, ABSOLUTE)

    Exec Addr    Load Addr    Size         Type   Attr      Idx    E Section Name        Object

    0x20000000   0x08004e34   0x0000000d   Data   RW          233    .data               control.o
    0x2000000d   0x08004e41   0x00000003   PAD
    0x20000010   0x08004e44   0x00000008   Data   RW          367    .data               delay.o
    0x20000018   0x08004e4c   0x00000001   Data   RW          492    .data               key.o
    0x20000019   0x08004e4d   0x00000001   PAD
    0x2000001a   0x08004e4e   0x00000008   Data   RW          578    .data               lcd.o
    0x20000022   0x08004e56   0x00000005   Data   RW         1013    .data               usart.o
    0x20000027   0x08004e5b   0x00000001   PAD
    0x20000028   0x08004e5c   0x00000008   Data   RW         1360    .data               main.o
    0x20000030   0x08004e64   0x00000004   Data   RW         1432    .data               stm32f4xx_it.o
    0x20000034   0x08004e68   0x00000010   Data   RW         4359    .data               stm32f4xx_rcc.o
    0x20000044        -       0x0000000e   Zero   RW          577    .bss                lcd.o
    0x20000052   0x08004e78   0x00000002   PAD
    0x20000054        -       0x00000038   Zero   RW         1012    .bss                usart.o
    0x2000008c   0x08004e78   0x00000004   PAD
    0x20000090        -       0x00000400   Zero   RW            1    STACK               startup_stm32f40_41xxx.o


==============================================================================

Image component sizes


      Code (inc. data)   RO Data    RW Data    ZI Data      Debug   Object Name

         0          0          0          0          0       1444   adc.o
         0          0          0          0          0     299916   beep.o
      1170        116          0         13          0       9174   control.o
       308         30          0          8          0      28662   delay.o
        50          6          0          0          0       1012   encoder.o
         0          0       8826          0          0       1178   font.o
      2066         44          0          1          0       5718   key.o
      2642        128          0          8         14      14011   lcd.o
        52          4          0          0          0        527   led.o
      1064        120          0          8          0       3925   main.o
       140         24          0          0          0       1527   misc.o
        36          8        392          0       1024        864   startup_stm32f40_41xxx.o
       184         16          0          0          0       2086   stm32f4xx_exti.o
       344         16          0          0          0       1997   stm32f4xx_fsmc.o
       258          0          0          0          0       4657   stm32f4xx_gpio.o
        56          6          0          4          0       4970   stm32f4xx_it.o
       360         42          0         16          0       5240   stm32f4xx_rcc.o
        64          4          0          0          0        652   stm32f4xx_syscfg.o
       214         28          0          0          0       3654   stm32f4xx_tim.o
       468          8          0          0          0       6099   stm32f4xx_usart.o
       340         32          0          0          0       1469   system_stm32f4xx.o
        92          4          0          0          0        700   tim_exti.o
       746         66          0          5         56       5100   usart.o

    ----------------------------------------------------------------------
     10682        702       9252         68       1100     404582   Object Totals
         0          0         32          0          0          0   (incl. Generated)
        28          0          2          5          6          0   (incl. Padding)

    ----------------------------------------------------------------------

      Code (inc. data)   RO Data    RW Data    ZI Data      Debug   Library Member Name

         0          0          0          0          0          0   entry.o
         0          0          0          0          0          0   entry10a.o
         0          0          0          0          0          0   entry11a.o
         8          4          0          0          0          0   entry2.o
         4          0          0          0          0          0   entry5.o
         0          0          0          0          0          0   entry7b.o
         0          0          0          0          0          0   entry8b.o
         8          4          0          0          0          0   entry9a.o
        30          0          0          0          0          0   handlers.o
        36          8          0          0          0         68   init.o

    ----------------------------------------------------------------------
        86         16          0          0          0         68   Library Totals
         0          0          0          0          0          0   (incl. Padding)

    ----------------------------------------------------------------------

      Code (inc. data)   RO Data    RW Data    ZI Data      Debug   Library Name

        86         16          0          0          0         68   mc_w.l

    ----------------------------------------------------------------------
        86         16          0          0          0         68   Library Totals

    ----------------------------------------------------------------------

==============================================================================


      Code (inc. data)   RO Data    RW Data    ZI Data      Debug   

     10768        718       9252         68       1100     395854   Grand Totals
     10768        718       9252         68       1100     395854   ELF Image Totals
     10768        718       9252         68          0          0   ROM Totals

==============================================================================

    Total RO  Size (Code + RO Data)                20020 (  19.55kB)
    Total RW  Size (RW Data + ZI Data)              1168 (   1.14kB)
    Total ROM Size (Code + RO Data + RW Data)      20088 (  19.62kB)

==============================================================================

